Archive member included to satisfy reference by file (symbol)

/home/user/Tools/arm-gnu-toolchain/bin/../lib/gcc/arm-none-eabi/14.2.1/../../../../arm-none-eabi/lib/thumb/v7e-m/nofp/libc_nano.a(libc_a-memset.o)
                              obj/System.o (memset)
/home/user/Tools/arm-gnu-toolchain/bin/../lib/gcc/arm-none-eabi/14.2.1/../../../../arm-none-eabi/lib/thumb/v7e-m/nofp/libc_nano.a(libc_a-strlen.o)
                              obj/LogOutput.o (strlen)
/home/user/Tools/arm-gnu-toolchain/bin/../lib/gcc/arm-none-eabi/14.2.1/thumb/v7e-m/nofp/libgcc.a(_arm_muldf3.o)
                              obj/printf.o (__aeabi_dmul)
/home/user/Tools/arm-gnu-toolchain/bin/../lib/gcc/arm-none-eabi/14.2.1/thumb/v7e-m/nofp/libgcc.a(_arm_addsubdf3.o)
                              obj/printf.o (__aeabi_dsub)
/home/user/Tools/arm-gnu-toolchain/bin/../lib/gcc/arm-none-eabi/14.2.1/thumb/v7e-m/nofp/libgcc.a(_arm_muldivdf3.o)
                              obj/printf.o (__aeabi_ddiv)
/home/user/Tools/arm-gnu-toolchain/bin/../lib/gcc/arm-none-eabi/14.2.1/thumb/v7e-m/nofp/libgcc.a(_arm_cmpdf2.o)
                              obj/printf.o (__aeabi_dcmpeq)
/home/user/Tools/arm-gnu-toolchain/bin/../lib/gcc/arm-none-eabi/14.2.1/thumb/v7e-m/nofp/libgcc.a(_arm_fixdfsi.o)
                              obj/printf.o (__aeabi_d2iz)
/home/user/Tools/arm-gnu-toolchain/bin/../lib/gcc/arm-none-eabi/14.2.1/thumb/v7e-m/nofp/libgcc.a(_arm_fixunsdfsi.o)
                              obj/printf.o (__aeabi_d2uiz)
/home/user/Tools/arm-gnu-toolchain/bin/../lib/gcc/arm-none-eabi/14.2.1/thumb/v7e-m/nofp/libgcc.a(_aeabi_uldivmod.o)
                              obj/printf.o (__aeabi_uldivmod)
/home/user/Tools/arm-gnu-toolchain/bin/../lib/gcc/arm-none-eabi/14.2.1/thumb/v7e-m/nofp/libgcc.a(_udivmoddi4.o)
                              /home/user/Tools/arm-gnu-toolchain/bin/../lib/gcc/arm-none-eabi/14.2.1/thumb/v7e-m/nofp/libgcc.a(_aeabi_uldivmod.o) (__udivmoddi4)
/home/user/Tools/arm-gnu-toolchain/bin/../lib/gcc/arm-none-eabi/14.2.1/thumb/v7e-m/nofp/libgcc.a(_dvmd_tls.o)
                              /home/user/Tools/arm-gnu-toolchain/bin/../lib/gcc/arm-none-eabi/14.2.1/thumb/v7e-m/nofp/libgcc.a(_aeabi_uldivmod.o) (__aeabi_ldiv0)
obj/libstm32.a(stm32g4xx_hal_adc.o)
                              obj/ADCModule.o (HAL_ADC_Init)
obj/libstm32.a(stm32g4xx_hal_adc_ex.o)
                              obj/ADCModule.o (HAL_ADCEx_Calibration_Start)
obj/libstm32.a(stm32g4xx_hal.o)
                              obj/main.o (HAL_Init)
obj/libstm32.a(stm32g4xx_hal_cortex.o)
                              obj/libstm32.a(stm32g4xx_hal.o) (HAL_NVIC_SetPriorityGrouping)
obj/libstm32.a(stm32g4xx_hal_dma.o)
                              obj/ADCModule.o (HAL_DMA_Init)
obj/libstm32.a(stm32g4xx_hal_gpio.o)
                              obj/ADCModule.o (HAL_GPIO_Init)
obj/libstm32.a(stm32g4xx_hal_pwr_ex.o)
                              obj/System.o (HAL_PWREx_ControlVoltageScaling)
obj/libstm32.a(stm32g4xx_hal_rcc.o)
                              obj/System.o (HAL_RCC_OscConfig)
obj/libstm32.a(stm32g4xx_hal_rcc_ex.o)
                              obj/ADCModule.o (HAL_RCCEx_PeriphCLKConfig)
obj/libstm32.a(stm32g4xx_hal_tim.o)
                              obj/TimerModule.o (HAL_TIM_Base_Init)
obj/libstm32.a(stm32g4xx_hal_tim_ex.o)
                              obj/libstm32.a(stm32g4xx_hal_tim.o) (TIMEx_DMACommutationCplt)
obj/libstm32.a(stm32g4xx_hal_uart.o)
                              obj/UARTModule.o (HAL_UART_Init)
obj/libstm32.a(stm32g4xx_hal_uart_ex.o)
                              obj/libstm32.a(stm32g4xx_hal_uart.o) (HAL_UARTEx_WakeupCallback)
obj/libstm32.a(stm32g4xx_hal_pwr.o)
                              obj/libstm32.a(stm32g4xx_hal_rcc_ex.o) (HAL_PWR_EnableBkUpAccess)

Discarded input sections

 .text          0x00000000       0x14 obj/startup.o
 .data          0x00000000        0x0 obj/startup.o
 .bss           0x00000000        0x0 obj/startup.o
 .text          0x00000000        0x0 obj/main.o
 .data          0x00000000        0x0 obj/main.o
 .bss           0x00000000        0x0 obj/main.o
 .text          0x00000000        0x0 obj/System.o
 .data          0x00000000        0x0 obj/System.o
 .bss           0x00000000        0x0 obj/System.o
 .text.SystemCoreClockUpdate
                0x00000000       0xd4 obj/System.o
 .text          0x00000000        0x0 obj/Application.o
 .data          0x00000000        0x0 obj/Application.o
 .bss           0x00000000        0x0 obj/Application.o
 .data.gStateList
                0x00000000       0x3c obj/Application.o
 .data.gStateTableEntries
                0x00000000       0x48 obj/Application.o
 .bss.gStateTable
                0x00000000       0x20 obj/Application.o
 .text.sampleAppInitialize
                0x00000000       0x38 obj/Application.o
 .text.sampleAppRun
                0x00000000       0x1c obj/Application.o
 .text.sameplAppSendEvent
                0x00000000       0x20 obj/Application.o
 .text.onEntryStartup
[...]
Memory Configuration

Name             Origin             Length             Attributes
RAM              0x20000000         0x00020000         xrw
FLASH            0x08000000         0x00080000         xr
*default*        0x00000000         0xffffffff

Linker script and memory map

LOAD obj/libstm32.a
LOAD obj/startup.o
LOAD obj/main.o
LOAD obj/System.o
LOAD obj/Application.o
LOAD obj/AppTasks.o
LOAD obj/ADCModule.o
LOAD obj/ButtonModule.o
LOAD obj/DisplayModule.o
LOAD obj/HAL.o
LOAD obj/LEDModule.o
LOAD obj/TimerModule.o
LOAD obj/UARTModule.o
LOAD obj/FaultHandler.o
LOAD obj/Scheduler.o
LOAD obj/SystemHandler.o
LOAD obj/GlobalObjects.o
LOAD obj/LogOutput.o
LOAD obj/printf.o
LOAD obj/StateTable.o
START GROUP
LOAD /home/user/Tools/arm-gnu-toolchain/bin/../lib/gcc/arm-none-eabi/14.2.1/../../../../arm-none-eabi/lib/thumb/v7e-m/nofp/libc_nano.a
LOAD /home/user/Tools/arm-gnu-toolchain/bin/../lib/gcc/arm-none-eabi/14.2.1/thumb/v7e-m/nofp/libgcc.a
LOAD /home/user/Tools/arm-gnu-toolchain/bin/../lib/gcc/arm-none-eabi/14.2.1/../../../../arm-none-eabi/lib/thumb/v7e-m/nofp/libm.a
LOAD /home/user/Tools/arm-gnu-toolchain/bin/../lib/gcc/arm-none-eabi/14.2.1/../../../../arm-none-eabi/lib/thumb/v7e-m/nofp/libnosys.a
LOAD obj/libstm32.a
END GROUP
                0x00000200                        _size_of_stack = 0x200
                0x00000000                        _size_of_heap = 0x0
                0x2001fffc                        _end_of_ram = ((ORIGIN (RAM) + LENGTH (RAM)) - 0x4)

.isr_vector     0x08000000      0x1d8
                0x08000000                        . = ALIGN (0x4)
 *(.isr_vector)
 .isr_vector    0x08000000      0x1d8 obj/startup.o
                0x08000000                g_pfnVectors
                0x080001d8                        . = ALIGN (0x4)

.text           0x080001d8     0x5fc4
                0x080001d8                        . = ALIGN (0x4)
 *(.text)
 .text          0x080001d8       0x30 /home/user/Tools/arm-gnu-toolchain/bin/../lib/gcc/arm-none-eabi/14.2.1/thumb/v7e-m/nofp/libgcc.a(_aeabi_uldivmod.o)
                0x080001d8                __aeabi_uldivmod
 .text          0x08000208        0x4 /home/user/Tools/arm-gnu-toolchain/bin/../lib/gcc/arm-none-eabi/14.2.1/thumb/v7e-m/nofp/libgcc.a(_dvmd_tls.o)
                0x08000208                __aeabi_ldiv0
                0x08000208                __aeabi_idiv0
 *(.text*)
 .text.Reset_Handler
                0x0800020c       0x4c obj/startup.o
                0x0800020c                Reset_Handler
 .text.Default_Handler
                0x08000258        0x2 obj/startup.o
                0x08000258                RTC_Alarm_IRQHandler
                0x08000258                EXTI2_IRQHandler
                0x08000258                TIM8_TRG_COM_IRQHandler
                0x08000258                TIM8_CC_IRQHandler
                0x08000258                HRTIM1_Master_IRQHandler
                0x08000258                SPI4_IRQHandler
                0x08000258                FDCAN3_IT0_IRQHandler
                0x08000258                TIM1_CC_IRQHandler
                0x08000258                HRTIM1_FLT_IRQHandler
                0x08000258                HRTIM1_TIMF_IRQHandler
                0x08000258                USB_HP_IRQHandler
                0x08000258                CORDIC_IRQHandler
                0x08000258                HRTIM1_TIMD_IRQHandler
                0x08000258                DMA2_Channel8_IRQHandler
                0x08000258                EXTI3_IRQHandler
                0x08000258                I2C3_ER_IRQHandler
                0x08000258                EXTI0_IRQHandler
                0x08000258                I2C2_EV_IRQHandler
                0x08000258                FPU_IRQHandler
                0x08000258                FDCAN1_IT1_IRQHandler
                0x08000258                TIM1_UP_TIM16_IRQHandler
                0x08000258                HRTIM1_TIME_IRQHandler
                0x08000258                SPI1_IRQHandler
                0x08000258                TIM6_DAC_IRQHandler
                0x08000258                HRTIM1_TIMC_IRQHandler
                0x08000258                TIM8_UP_IRQHandler
                0x08000258                DMA2_Channel2_IRQHandler
                0x08000258                DMA1_Channel4_IRQHandler
                0x08000258                TIM20_TRG_COM_IRQHandler
                0x08000258                USART3_IRQHandler
                0x08000258                DMA1_Channel7_IRQHandler
                0x08000258                UART5_IRQHandler
                0x08000258                ADC3_IRQHandler
                0x08000258                TIM4_IRQHandler
                0x08000258                DMA2_Channel1_IRQHandler
                0x08000258                QUADSPI_IRQHandler
                0x08000258                I2C1_EV_IRQHandler
                0x08000258                DMA1_Channel6_IRQHandler
                0x08000258                UART4_IRQHandler
                0x08000258                DMA2_Channel4_IRQHandler
                0x08000258                RCC_IRQHandler
                0x08000258                TIM20_UP_IRQHandler
                0x08000258                Default_Handler
                0x08000258                DMA2_Channel7_IRQHandler
                0x08000258                RTC_TAMP_LSECSS_IRQHandler
                0x08000258                FMAC_IRQHandler
                0x08000258                EXTI15_10_IRQHandler
                0x08000258                DMA1_Channel8_IRQHandler
                0x08000258                HRTIM1_TIMA_IRQHandler
                0x08000258                TIM7_DAC_IRQHandler
                0x08000258                FDCAN3_IT1_IRQHandler
                0x08000258                TIM5_IRQHandler
                0x08000258                UCPD1_IRQHandler
                0x08000258                I2C3_EV_IRQHandler
                0x08000258                EXTI9_5_IRQHandler
                0x08000258                RTC_WKUP_IRQHandler
                0x08000258                PVD_PVM_IRQHandler
                0x08000258                SPI2_IRQHandler
                0x08000258                ADC5_IRQHandler
                0x08000258                DMA2_Channel5_IRQHandler
                0x08000258                CRS_IRQHandler
                0x08000258                DMA1_Channel5_IRQHandler
                0x08000258                USB_LP_IRQHandler
                0x08000258                EXTI4_IRQHandler
                0x08000258                RNG_IRQHandler
                0x08000258                HRTIM1_TIMB_IRQHandler
                0x08000258                TIM1_TRG_COM_TIM17_IRQHandler
                0x08000258                FDCAN2_IT1_IRQHandler
                0x08000258                DMA1_Channel3_IRQHandler
                0x08000258                ADC4_IRQHandler
                0x08000258                WWDG_IRQHandler
                0x08000258                I2C4_EV_IRQHandler
                0x08000258                FDCAN2_IT0_IRQHandler
                0x08000258                LPUART1_IRQHandler
                0x08000258                DMA2_Channel6_IRQHandler
                0x08000258                FDCAN1_IT0_IRQHandler
                0x08000258                TIM2_IRQHandler
                0x08000258                COMP7_IRQHandler
                0x08000258                COMP1_2_3_IRQHandler
                0x08000258                EXTI1_IRQHandler
                0x08000258                USART2_IRQHandler
                0x08000258                COMP4_5_6_IRQHandler
                0x08000258                TIM20_BRK_IRQHandler
                0x08000258                I2C2_ER_IRQHandler
                0x08000258                DMA1_Channel2_IRQHandler
                0x08000258                TIM8_BRK_IRQHandler
                0x08000258                FLASH_IRQHandler
                0x08000258                TIM20_CC_IRQHandler
                0x08000258                USART1_IRQHandler
                0x08000258                SPI3_IRQHandler
                0x08000258                I2C1_ER_IRQHandler
                0x08000258                FMC_IRQHandler
                0x08000258                LPTIM1_IRQHandler
                0x08000258                DMAMUX_OVR_IRQHandler
                0x08000258                I2C4_ER_IRQHandler
                0x08000258                USBWakeUp_IRQHandler
                0x08000258                SAI1_IRQHandler
                0x08000258                DMA2_Channel3_IRQHandler
                0x08000258                TIM1_BRK_TIM15_IRQHandler
 .text.myfunc   0x0800025a        0xe obj/main.o
                0x0800025a                myfunc
 .text.main     0x08000268       0x48 obj/main.o
                0x08000268                main
 .text.initializePeripherals
                0x080002b0       0x26 obj/main.o
 .text.SystemInit
                0x080002d6        0xc obj/System.o
                0x080002d6                SystemInit
 .text.SystemClock_Config
                0x080002e2       0x98 obj/System.o
                0x080002e2                SystemClock_Config
 .text.Error_Handler
                0x0800037a        0xc obj/System.o
                0x0800037a                Error_Handler
 *fill*         0x08000386        0x2 
 .text.adcInitialize
                0x08000388      0x19c obj/ADCModule.o
                0x08000388                adcInitialize
 .text.HAL_ADC_MspInit
                0x08000524      0x114 obj/ADCModule.o
                0x08000524                HAL_ADC_MspInit
 .text.adcInitializeDMA
                0x08000638       0x54 obj/ADCModule.o
 .text.DMA1_Channel1_IRQHandler
                0x0800068c       0x14 obj/ADCModule.o
                0x0800068c                DMA1_Channel1_IRQHandler
 .text.ADC1_2_IRQHandler
                0x080006a0       0x14 obj/ADCModule.o
                0x080006a0                ADC1_2_IRQHandler
 .text.buttonInitialize
                0x080006b4       0xdc obj/ButtonModule.o
                0x080006b4                buttonInitialize
 .text.displayInitialize
                0x08000790      0x108 obj/DisplayModule.o
                0x08000790                displayInitialize
 .text.HAL_MspInit
                0x08000898       0x48 obj/HAL.o
                0x08000898                HAL_MspInit
 .text.ledInitialize
                0x080008e0      0x10c obj/LEDModule.o
                0x080008e0                ledInitialize
 .text.ledToggleLED
                0x080009ec       0x78 obj/LEDModule.o
                0x080009ec                ledToggleLED
 .text.timerInitialize
                0x08000a64       0xac obj/TimerModule.o
                0x08000a64                timerInitialize
 .text.HAL_TIM_Base_MspInit
                0x08000b10       0x4c obj/TimerModule.o
                0x08000b10                HAL_TIM_Base_MspInit
 .text.TIM3_IRQHandler
                0x08000b5c       0x14 obj/TimerModule.o
                0x08000b5c                TIM3_IRQHandler
 .text.uartInitialize
                0x08000b70      0x130 obj/UARTModule.o
                0x08000b70                uartInitialize
 .text.HardFault_Handler
                0x08000ca0        0x8 obj/FaultHandler.o
                0x08000ca0                HardFault_Handler
 .text.MemManage_Handler
                0x08000ca8        0x8 obj/FaultHandler.o
                0x08000ca8                MemManage_Handler
 .text.BusFault_Handler
                0x08000cb0        0x8 obj/FaultHandler.o
                0x08000cb0                BusFault_Handler
 .text.UsageFault_Handler
                0x08000cb8        0x8 obj/FaultHandler.o
                0x08000cb8                UsageFault_Handler
 .text.schedInitialize
                0x08000cc0       0x5c obj/Scheduler.o
                0x08000cc0                schedInitialize
 .text.schedCycle
                0x08000d1c      0x10e obj/Scheduler.o
                0x08000d1c                schedCycle
 .text.schedGetElaspedTime
                0x08000e2a       0x1e obj/Scheduler.o
 .text.NMI_Handler
                0x08000e48        0xc obj/SystemHandler.o
                0x08000e48                NMI_Handler
 .text.SVC_Handler
                0x08000e54        0xc obj/SystemHandler.o
                0x08000e54                SVC_Handler
 .text.PendSV_Handler
                0x08000e60        0xc obj/SystemHandler.o
                0x08000e60                PendSV_Handler
 .text.SysTick_Handler
                0x08000e6c        0xc obj/SystemHandler.o
                0x08000e6c                SysTick_Handler
 .text.DebugMon_Handler
                0x08000e78        0xc obj/SystemHandler.o
                0x08000e78                DebugMon_Handler
 .text.memset   0x08000e84       0x10 /home/user/Tools/arm-gnu-toolchain/bin/../lib/gcc/arm-none-eabi/14.2.1/../../../../arm-none-eabi/lib/thumb/v7e-m/nofp/libc_nano.a(libc_a-memset.o)
                0x08000e84                memset
 .text.__udivmoddi4
                0x08000e94      0x2f8 /home/user/Tools/arm-gnu-toolchain/bin/../lib/gcc/arm-none-eabi/14.2.1/thumb/v7e-m/nofp/libgcc.a(_udivmoddi4.o)
                0x08000e94                __udivmoddi4
 .text.LL_ADC_SetCommonClock
                0x0800118c       0x24 obj/libstm32.a(stm32g4xx_hal_adc.o)
 .text.LL_ADC_SetCommonPathInternalCh
                0x080011b0       0x24 obj/libstm32.a(stm32g4xx_hal_adc.o)
 .text.LL_ADC_GetCommonPathInternalCh
                0x080011d4       0x1a obj/libstm32.a(stm32g4xx_hal_adc.o)
 *fill*         0x080011ee        0x2 
 .text.LL_ADC_SetOffset
                0x080011f0       0x48 obj/libstm32.a(stm32g4xx_hal_adc.o)
 .text.LL_ADC_GetOffsetChannel
                0x08001238       0x2a obj/libstm32.a(stm32g4xx_hal_adc.o)
 .text.LL_ADC_SetOffsetState
                0x08001262       0x34 obj/libstm32.a(stm32g4xx_hal_adc.o)
 .text.LL_ADC_SetOffsetSign
                0x08001296       0x34 obj/libstm32.a(stm32g4xx_hal_adc.o)
 .text.LL_ADC_SetOffsetSaturation
                0x080012ca       0x34 obj/libstm32.a(stm32g4xx_hal_adc.o)
 .text.LL_ADC_SetSamplingTimeCommonConfig
                0x080012fe       0x24 obj/libstm32.a(stm32g4xx_hal_adc.o)
 .text.LL_ADC_REG_IsTriggerSourceSWStart
                0x08001322       0x24 obj/libstm32.a(stm32g4xx_hal_adc.o)
 .text.LL_ADC_REG_SetSequencerRanks
                0x08001346       0x56 obj/libstm32.a(stm32g4xx_hal_adc.o)
 .text.LL_ADC_INJ_IsTriggerSourceSWStart
                0x0800139c       0x24 obj/libstm32.a(stm32g4xx_hal_adc.o)
 .text.LL_ADC_SetChannelSamplingTime
                0x080013c0       0x54 obj/libstm32.a(stm32g4xx_hal_adc.o)
 .text.LL_ADC_SetChannelSingleDiff
                0x08001414       0x44 obj/libstm32.a(stm32g4xx_hal_adc.o)
 .text.LL_ADC_GetMultimode
                0x08001458       0x1a obj/libstm32.a(stm32g4xx_hal_adc.o)
 .text.LL_ADC_GetMultiDMATransfer
                0x08001472       0x1a obj/libstm32.a(stm32g4xx_hal_adc.o)
 .text.LL_ADC_DisableDeepPowerDown
                0x0800148c       0x22 obj/libstm32.a(stm32g4xx_hal_adc.o)
 .text.LL_ADC_IsDeepPowerDownEnabled
                0x080014ae       0x26 obj/libstm32.a(stm32g4xx_hal_adc.o)
 .text.LL_ADC_EnableInternalRegulator
                0x080014d4       0x26 obj/libstm32.a(stm32g4xx_hal_adc.o)
 .text.LL_ADC_IsInternalRegulatorEnabled
                0x080014fa       0x26 obj/libstm32.a(stm32g4xx_hal_adc.o)
 .text.LL_ADC_Enable
                0x08001520       0x26 obj/libstm32.a(stm32g4xx_hal_adc.o)
 .text.LL_ADC_Disable
                0x08001546       0x26 obj/libstm32.a(stm32g4xx_hal_adc.o)
 .text.LL_ADC_IsEnabled
                0x0800156c       0x24 obj/libstm32.a(stm32g4xx_hal_adc.o)
 .text.LL_ADC_IsDisableOngoing
                0x08001590       0x24 obj/libstm32.a(stm32g4xx_hal_adc.o)
 .text.LL_ADC_REG_StartConversion
                0x080015b4       0x26 obj/libstm32.a(stm32g4xx_hal_adc.o)
 .text.LL_ADC_REG_IsConversionOngoing
                0x080015da       0x24 obj/libstm32.a(stm32g4xx_hal_adc.o)
 .text.LL_ADC_INJ_IsConversionOngoing
                0x080015fe       0x24 obj/libstm32.a(stm32g4xx_hal_adc.o)
 *fill*         0x08001622        0x2 
 .text.HAL_ADC_Init
                0x08001624      0x384 obj/libstm32.a(stm32g4xx_hal_adc.o)
                0x08001624                HAL_ADC_Init
 .text.HAL_ADC_Start_DMA
                0x080019a8      0x19c obj/libstm32.a(stm32g4xx_hal_adc.o)
                0x080019a8                HAL_ADC_Start_DMA
 .text.HAL_ADC_IRQHandler
                0x08001b44      0x4c0 obj/libstm32.a(stm32g4xx_hal_adc.o)
                0x08001b44                HAL_ADC_IRQHandler
 .text.HAL_ADC_ConvCpltCallback
                0x08002004       0x12 obj/libstm32.a(stm32g4xx_hal_adc.o)
                0x08002004                HAL_ADC_ConvCpltCallback
 .text.HAL_ADC_ConvHalfCpltCallback
                0x08002016       0x12 obj/libstm32.a(stm32g4xx_hal_adc.o)
                0x08002016                HAL_ADC_ConvHalfCpltCallback
 .text.HAL_ADC_LevelOutOfWindowCallback
                0x08002028       0x12 obj/libstm32.a(stm32g4xx_hal_adc.o)
                0x08002028                HAL_ADC_LevelOutOfWindowCallback
 .text.HAL_ADC_ErrorCallback
                0x0800203a       0x12 obj/libstm32.a(stm32g4xx_hal_adc.o)
                0x0800203a                HAL_ADC_ErrorCallback
 .text.HAL_ADC_ConfigChannel
                0x0800204c      0x880 obj/libstm32.a(stm32g4xx_hal_adc.o)
                0x0800204c                HAL_ADC_ConfigChannel
 .text.ADC_Enable
                0x080028cc       0xc4 obj/libstm32.a(stm32g4xx_hal_adc.o)
                0x080028cc                ADC_Enable
 .text.ADC_Disable
                0x08002990       0xbe obj/libstm32.a(stm32g4xx_hal_adc.o)
                0x08002990                ADC_Disable
 .text.ADC_DMAConvCplt
                0x08002a4e       0xd8 obj/libstm32.a(stm32g4xx_hal_adc.o)
                0x08002a4e                ADC_DMAConvCplt
 .text.ADC_DMAHalfConvCplt
                0x08002b26       0x1c obj/libstm32.a(stm32g4xx_hal_adc.o)
                0x08002b26                ADC_DMAHalfConvCplt
 .text.ADC_DMAError
                0x08002b42       0x34 obj/libstm32.a(stm32g4xx_hal_adc.o)
                0x08002b42                ADC_DMAError
 .text.LL_ADC_IsEnabled
                0x08002b76       0x24 obj/libstm32.a(stm32g4xx_hal_adc_ex.o)
 .text.LL_ADC_StartCalibration
                0x08002b9a       0x30 obj/libstm32.a(stm32g4xx_hal_adc_ex.o)
 .text.LL_ADC_IsCalibrationOnGoing
                0x08002bca       0x26 obj/libstm32.a(stm32g4xx_hal_adc_ex.o)
 .text.LL_ADC_REG_IsConversionOngoing
                0x08002bf0       0x24 obj/libstm32.a(stm32g4xx_hal_adc_ex.o)
 .text.HAL_ADCEx_Calibration_Start
                0x08002c14       0xc4 obj/libstm32.a(stm32g4xx_hal_adc_ex.o)
                0x08002c14                HAL_ADCEx_Calibration_Start
 .text.HAL_ADCEx_InjectedConvCpltCallback
                0x08002cd8       0x12 obj/libstm32.a(stm32g4xx_hal_adc_ex.o)
                0x08002cd8                HAL_ADCEx_InjectedConvCpltCallback
 .text.HAL_ADCEx_InjectedQueueOverflowCallback
                0x08002cea       0x12 obj/libstm32.a(stm32g4xx_hal_adc_ex.o)
                0x08002cea                HAL_ADCEx_InjectedQueueOverflowCallback
 .text.HAL_ADCEx_LevelOutOfWindow2Callback
                0x08002cfc       0x12 obj/libstm32.a(stm32g4xx_hal_adc_ex.o)
                0x08002cfc                HAL_ADCEx_LevelOutOfWindow2Callback
 .text.HAL_ADCEx_LevelOutOfWindow3Callback
                0x08002d0e       0x12 obj/libstm32.a(stm32g4xx_hal_adc_ex.o)
                0x08002d0e                HAL_ADCEx_LevelOutOfWindow3Callback
 .text.HAL_ADCEx_EndOfSamplingCallback
                0x08002d20       0x12 obj/libstm32.a(stm32g4xx_hal_adc_ex.o)
                0x08002d20                HAL_ADCEx_EndOfSamplingCallback
 *fill*         0x08002d32        0x2 
 .text.HAL_ADCEx_MultiModeConfigChannel
                0x08002d34      0x210 obj/libstm32.a(stm32g4xx_hal_adc_ex.o)
                0x08002d34                HAL_ADCEx_MultiModeConfigChannel
 .text.HAL_Init
                0x08002f44       0x30 obj/libstm32.a(stm32g4xx_hal.o)
                0x08002f44                HAL_Init
 .text.HAL_InitTick
                0x08002f74       0x74 obj/libstm32.a(stm32g4xx_hal.o)
                0x08002f74                HAL_InitTick
 .text.HAL_IncTick
                0x08002fe8       0x24 obj/libstm32.a(stm32g4xx_hal.o)
                0x08002fe8                HAL_IncTick
 .text.HAL_GetTick
                0x0800300c       0x14 obj/libstm32.a(stm32g4xx_hal.o)
                0x0800300c                HAL_GetTick
 .text.__NVIC_SetPriorityGrouping
                0x08003020       0x48 obj/libstm32.a(stm32g4xx_hal_cortex.o)
 .text.__NVIC_GetPriorityGrouping
                0x08003068       0x1c obj/libstm32.a(stm32g4xx_hal_cortex.o)
 .text.__NVIC_EnableIRQ
                0x08003084       0x38 obj/libstm32.a(stm32g4xx_hal_cortex.o)
 .text.__NVIC_SetPriority
                0x080030bc       0x54 obj/libstm32.a(stm32g4xx_hal_cortex.o)
 .text.NVIC_EncodePriority
                0x08003110       0x64 obj/libstm32.a(stm32g4xx_hal_cortex.o)
 .text.SysTick_Config
                0x08003174       0x44 obj/libstm32.a(stm32g4xx_hal_cortex.o)
 .text.HAL_NVIC_SetPriorityGrouping
                0x080031b8       0x16 obj/libstm32.a(stm32g4xx_hal_cortex.o)
                0x080031b8                HAL_NVIC_SetPriorityGrouping
 .text.HAL_NVIC_SetPriority
                0x080031ce       0x34 obj/libstm32.a(stm32g4xx_hal_cortex.o)
                0x080031ce                HAL_NVIC_SetPriority
 .text.HAL_NVIC_EnableIRQ
                0x08003202       0x1c obj/libstm32.a(stm32g4xx_hal_cortex.o)
                0x08003202                HAL_NVIC_EnableIRQ
 .text.HAL_SYSTICK_Config
                0x0800321e       0x18 obj/libstm32.a(stm32g4xx_hal_cortex.o)
                0x0800321e                HAL_SYSTICK_Config
 *fill*         0x08003236        0x2 
 .text.HAL_DMA_Init
                0x08003238      0x150 obj/libstm32.a(stm32g4xx_hal_dma.o)
                0x08003238                HAL_DMA_Init
 .text.HAL_DMA_Start_IT
                0x08003388       0xf6 obj/libstm32.a(stm32g4xx_hal_dma.o)
                0x08003388                HAL_DMA_Start_IT
 .text.HAL_DMA_IRQHandler
                0x0800347e      0x15e obj/libstm32.a(stm32g4xx_hal_dma.o)
                0x0800347e                HAL_DMA_IRQHandler
 .text.DMA_SetConfig
                0x080035dc       0x7a obj/libstm32.a(stm32g4xx_hal_dma.o)
 *fill*         0x08003656        0x2 
 .text.DMA_CalcDMAMUXChannelBaseAndMask
                0x08003658       0x78 obj/libstm32.a(stm32g4xx_hal_dma.o)
 .text.DMA_CalcDMAMUXRequestGenBaseAndMask
                0x080036d0       0x48 obj/libstm32.a(stm32g4xx_hal_dma.o)
 .text.HAL_GPIO_Init
                0x08003718      0x304 obj/libstm32.a(stm32g4xx_hal_gpio.o)
                0x08003718                HAL_GPIO_Init
 .text.HAL_GPIO_WritePin
                0x08003a1c       0x2e obj/libstm32.a(stm32g4xx_hal_gpio.o)
                0x08003a1c                HAL_GPIO_WritePin
 .text.HAL_GPIO_TogglePin
                0x08003a4a       0x32 obj/libstm32.a(stm32g4xx_hal_gpio.o)
                0x08003a4a                HAL_GPIO_TogglePin
 .text.HAL_PWREx_ControlVoltageScaling
                0x08003a7c      0x148 obj/libstm32.a(stm32g4xx_hal_pwr_ex.o)
                0x08003a7c                HAL_PWREx_ControlVoltageScaling
 .text.HAL_PWREx_DisableUCPDDeadBattery
                0x08003bc4       0x1c obj/libstm32.a(stm32g4xx_hal_pwr_ex.o)
                0x08003bc4                HAL_PWREx_DisableUCPDDeadBattery
 .text.HAL_RCC_OscConfig
                0x08003be0      0x630 obj/libstm32.a(stm32g4xx_hal_rcc.o)
                0x08003be0                HAL_RCC_OscConfig
 .text.HAL_RCC_ClockConfig
                0x08004210      0x278 obj/libstm32.a(stm32g4xx_hal_rcc.o)
                0x08004210                HAL_RCC_ClockConfig
 .text.HAL_RCC_GetSysClockFreq
                0x08004488       0xc0 obj/libstm32.a(stm32g4xx_hal_rcc.o)
                0x08004488                HAL_RCC_GetSysClockFreq
 .text.HAL_RCC_GetHCLKFreq
                0x08004548       0x14 obj/libstm32.a(stm32g4xx_hal_rcc.o)
                0x08004548                HAL_RCC_GetHCLKFreq
 .text.HAL_RCC_GetPCLK1Freq
                0x0800455c       0x2c obj/libstm32.a(stm32g4xx_hal_rcc.o)
                0x0800455c                HAL_RCC_GetPCLK1Freq
 .text.HAL_RCC_GetPCLK2Freq
                0x08004588       0x2c obj/libstm32.a(stm32g4xx_hal_rcc.o)
                0x08004588                HAL_RCC_GetPCLK2Freq
 .text.RCC_GetSysClockFreqFromPLLSource
                0x080045b4       0x8c obj/libstm32.a(stm32g4xx_hal_rcc.o)
 .text.HAL_RCCEx_PeriphCLKConfig
                0x08004640      0x49c obj/libstm32.a(stm32g4xx_hal_rcc_ex.o)
                0x08004640                HAL_RCCEx_PeriphCLKConfig
 .text.HAL_TIM_Base_Init
                0x08004adc       0xae obj/libstm32.a(stm32g4xx_hal_tim.o)
                0x08004adc                HAL_TIM_Base_Init
 *fill*         0x08004b8a        0x2 
 .text.HAL_TIM_Base_Start_IT
                0x08004b8c       0xec obj/libstm32.a(stm32g4xx_hal_tim.o)
                0x08004b8c                HAL_TIM_Base_Start_IT
 .text.HAL_TIM_IRQHandler
                0x08004c78      0x2fe obj/libstm32.a(stm32g4xx_hal_tim.o)
                0x08004c78                HAL_TIM_IRQHandler
 *fill*         0x08004f76        0x2 
 .text.HAL_TIM_ConfigClockSource
                0x08004f78      0x224 obj/libstm32.a(stm32g4xx_hal_tim.o)
                0x08004f78                HAL_TIM_ConfigClockSource
 .text.HAL_TIM_PeriodElapsedCallback
                0x0800519c       0x12 obj/libstm32.a(stm32g4xx_hal_tim.o)
                0x0800519c                HAL_TIM_PeriodElapsedCallback
 .text.HAL_TIM_OC_DelayElapsedCallback
                0x080051ae       0x12 obj/libstm32.a(stm32g4xx_hal_tim.o)
                0x080051ae                HAL_TIM_OC_DelayElapsedCallback
 .text.HAL_TIM_IC_CaptureCallback
                0x080051c0       0x12 obj/libstm32.a(stm32g4xx_hal_tim.o)
                0x080051c0                HAL_TIM_IC_CaptureCallback
 .text.HAL_TIM_PWM_PulseFinishedCallback
                0x080051d2       0x12 obj/libstm32.a(stm32g4xx_hal_tim.o)
                0x080051d2                HAL_TIM_PWM_PulseFinishedCallback
 .text.HAL_TIM_TriggerCallback
                0x080051e4       0x12 obj/libstm32.a(stm32g4xx_hal_tim.o)
                0x080051e4                HAL_TIM_TriggerCallback
 *fill*         0x080051f6        0x2 
 .text.TIM_Base_SetConfig
                0x080051f8      0x14c obj/libstm32.a(stm32g4xx_hal_tim.o)
                0x080051f8                TIM_Base_SetConfig
 .text.TIM_TI1_ConfigInputStage
                0x08005344       0x5c obj/libstm32.a(stm32g4xx_hal_tim.o)
 .text.TIM_TI2_ConfigInputStage
                0x080053a0       0x5e obj/libstm32.a(stm32g4xx_hal_tim.o)
 .text.TIM_ITRx_SetConfig
                0x080053fe       0x38 obj/libstm32.a(stm32g4xx_hal_tim.o)
 .text.TIM_ETR_SetConfig
                0x08005436       0x3e obj/libstm32.a(stm32g4xx_hal_tim.o)
                0x08005436                TIM_ETR_SetConfig
 .text.HAL_TIMEx_MasterConfigSynchronization
                0x08005474      0x128 obj/libstm32.a(stm32g4xx_hal_tim_ex.o)
                0x08005474                HAL_TIMEx_MasterConfigSynchronization
 .text.HAL_TIMEx_CommutCallback
                0x0800559c       0x12 obj/libstm32.a(stm32g4xx_hal_tim_ex.o)
                0x0800559c                HAL_TIMEx_CommutCallback
 .text.HAL_TIMEx_BreakCallback
                0x080055ae       0x12 obj/libstm32.a(stm32g4xx_hal_tim_ex.o)
                0x080055ae                HAL_TIMEx_BreakCallback
 .text.HAL_TIMEx_Break2Callback
                0x080055c0       0x12 obj/libstm32.a(stm32g4xx_hal_tim_ex.o)
                0x080055c0                HAL_TIMEx_Break2Callback
 .text.HAL_TIMEx_EncoderIndexCallback
                0x080055d2       0x12 obj/libstm32.a(stm32g4xx_hal_tim_ex.o)
                0x080055d2                HAL_TIMEx_EncoderIndexCallback
 .text.HAL_TIMEx_DirectionChangeCallback
                0x080055e4       0x12 obj/libstm32.a(stm32g4xx_hal_tim_ex.o)
                0x080055e4                HAL_TIMEx_DirectionChangeCallback
 .text.HAL_TIMEx_IndexErrorCallback
                0x080055f6       0x12 obj/libstm32.a(stm32g4xx_hal_tim_ex.o)
                0x080055f6                HAL_TIMEx_IndexErrorCallback
 .text.HAL_TIMEx_TransitionErrorCallback
                0x08005608       0x12 obj/libstm32.a(stm32g4xx_hal_tim_ex.o)
                0x08005608                HAL_TIMEx_TransitionErrorCallback
 .text.HAL_UART_Init
                0x0800561a       0xa0 obj/libstm32.a(stm32g4xx_hal_uart.o)
                0x0800561a                HAL_UART_Init
 .text.HAL_UART_MspInit
                0x080056ba       0x12 obj/libstm32.a(stm32g4xx_hal_uart.o)
                0x080056ba                HAL_UART_MspInit
 .text.UART_SetConfig
                0x080056cc      0x5f8 obj/libstm32.a(stm32g4xx_hal_uart.o)
                0x080056cc                UART_SetConfig
 .text.UART_AdvFeatureConfig
                0x08005cc4      0x142 obj/libstm32.a(stm32g4xx_hal_uart.o)
                0x08005cc4                UART_AdvFeatureConfig
 .text.UART_CheckIdleState
                0x08005e06       0x96 obj/libstm32.a(stm32g4xx_hal_uart.o)
                0x08005e06                UART_CheckIdleState
 .text.UART_WaitOnFlagUntilTimeout
                0x08005e9c      0x100 obj/libstm32.a(stm32g4xx_hal_uart.o)
                0x08005e9c                UART_WaitOnFlagUntilTimeout
 .text.HAL_UARTEx_DisableFifoMode
                0x08005f9c       0x70 obj/libstm32.a(stm32g4xx_hal_uart_ex.o)
                0x08005f9c                HAL_UARTEx_DisableFifoMode
 .text.HAL_UARTEx_SetTxFifoThreshold
                0x0800600c       0x7c obj/libstm32.a(stm32g4xx_hal_uart_ex.o)
                0x0800600c                HAL_UARTEx_SetTxFifoThreshold
 .text.HAL_UARTEx_SetRxFifoThreshold
                0x08006088       0x7c obj/libstm32.a(stm32g4xx_hal_uart_ex.o)
                0x08006088                HAL_UARTEx_SetRxFifoThreshold
 .text.UARTEx_SetNbDataToProcess
                0x08006104       0x98 obj/libstm32.a(stm32g4xx_hal_uart_ex.o)
 *(.glue_7)
 .glue_7        0x0800619c        0x0 linker stubs
 *(.glue_7t)
 .glue_7t       0x0800619c        0x0 linker stubs
 *(.eh_frame)
 *(.init)
 *(.fini)
                0x0800619c                        . = ALIGN (0x4)
                0x0800619c                        _etext = .

.vfp11_veneer   0x0800619c        0x0
 .vfp11_veneer  0x0800619c        0x0 linker stubs

.v4_bx          0x0800619c        0x0
 .v4_bx         0x0800619c        0x0 linker stubs

.iplt           0x0800619c        0x0
 .iplt          0x0800619c        0x0 obj/startup.o

.rodata         0x0800619c       0x40
                0x0800619c                        . = ALIGN (0x4)
 *(.rodata)
 *(.rodata*)
 .rodata.AHBPrescTable
                0x0800619c       0x10 obj/System.o
                0x0800619c                AHBPrescTable
 .rodata.APBPrescTable
                0x080061ac        0x8 obj/System.o
                0x080061ac                APBPrescTable
 .rodata.UARTPrescTable
                0x080061b4       0x18 obj/libstm32.a(stm32g4xx_hal_uart.o)
                0x080061b4                UARTPrescTable
 .rodata.numerator.1
                0x080061cc        0x8 obj/libstm32.a(stm32g4xx_hal_uart_ex.o)
 .rodata.denominator.0
                0x080061d4        0x8 obj/libstm32.a(stm32g4xx_hal_uart_ex.o)
                0x080061dc                        . = ALIGN (0x4)

.ARM.extab
 *(.ARM.extab* .gnu.linkonce.armextab.*)

.ARM            0x080061dc        0x8
                0x080061dc                        __exidx_start = .
 *(.ARM.exidx*)
 .ARM.exidx.text.__udivmoddi4
                0x080061dc        0x8 /home/user/Tools/arm-gnu-toolchain/bin/../lib/gcc/arm-none-eabi/14.2.1/thumb/v7e-m/nofp/libgcc.a(_udivmoddi4.o)
                0x080061e4                        __exidx_end = .

.rel.dyn        0x080061e4        0x0
 .rel.iplt      0x080061e4        0x0 obj/startup.o

.preinit_array  0x080061e4        0x0
                [!provide]                        PROVIDE (__preinit_array_start = .)
 *(.preinit_array*)
                [!provide]                        PROVIDE (__preinit_array_end = .)

.init_array     0x080061e4        0x0
                [!provide]                        PROVIDE (__init_array_start = .)
 *(SORT_BY_NAME(.init_array.*))
 *(.init_array*)
                [!provide]                        PROVIDE (__init_array_end = .)

.fini_array     0x080061e4        0x0
                [!provide]                        PROVIDE (__fini_array_start = .)
 *(SORT_BY_NAME(.fini_array.*))
 *(.fini_array*)
                [!provide]                        PROVIDE (__fini_array_end = .)
                0x080061e4                        _sidata = LOADADDR (.data)

.data           0x20000000        0xc load address 0x080061e4
                0x20000000                        . = ALIGN (0x4)
                0x20000000                        _sdata = .
 *(.data)
 *(.data*)
 .data.SystemCoreClock
                0x20000000        0x4 obj/System.o
                0x20000000                SystemCoreClock
 .data.uwTickPrio
                0x20000004        0x4 obj/libstm32.a(stm32g4xx_hal.o)
                0x20000004                uwTickPrio
 .data.uwTickFreq
                0x20000008        0x4 obj/libstm32.a(stm32g4xx_hal.o)
                0x20000008                uwTickFreq
                0x2000000c                        . = ALIGN (0x4)
                0x2000000c                        _edata = .

.igot.plt       0x2000000c        0x0 load address 0x080061f0
 .igot.plt      0x2000000c        0x0 obj/startup.o
                0x2000000c                        . = ALIGN (0x4)

.bss            0x2000000c      0x1ec load address 0x080061f0
                0x2000000c                        _sbss = .
                0x2000000c                        __bss_start__ = _sbss
 *(.bss)
 *(.bss*)
 .bss.gScheduler
                0x2000000c       0x2c obj/main.o
 .bss.gADCHandle
                0x20000038       0x6c obj/ADCModule.o
 .bss.gDMA_ADC_Handle
                0x200000a4       0x60 obj/ADCModule.o
 .bss.gADCValues
                0x20000104       0x14 obj/ADCModule.o
 .bss.gTimer3Handle
                0x20000118       0x4c obj/TimerModule.o
 .bss.gUARTHandle
                0x20000164       0x90 obj/UARTModule.o
 .bss.uwTick    0x200001f4        0x4 obj/libstm32.a(stm32g4xx_hal.o)
                0x200001f4                uwTick
 *(COMMON)
                0x200001f8                        . = ALIGN (0x4)
                0x200001f8                        _ebss = .
                0x200001f8                        __bss_end__ = _ebss
                0x200001f8                        . = ALIGN (0x4)

.heap           0x200001f8        0x0 load address 0x080061f0
                0x200001f8                        _start_of_heap = .
                0x200001f8                        . = (. + _size_of_heap)
                0x200001f8                        . = ALIGN (0x4)
                0x200001f8                        _end_of_heap = .

.stack          0x200001f8    0x1fe08 load address 0x080061f0
                0x2001fdfc                        . = (ABSOLUTE (_end_of_ram) - _size_of_stack)
 *fill*         0x200001f8    0x1fc04 
                0x2001fe00                        . = ALIGN (0x8)
 *fill*         0x2001fdfc        0x4 
                0x2001fe00                        _top_of_stack = .
                0x20020000                        . = (. + _size_of_stack)
 *fill*         0x2001fe00      0x200 
                0x20020000                        . = ALIGN (0x8)
                0x20020000                        _initial_stack_pointer = .
                0x2001fffc                        _bottom_of_stack = (_initial_stack_pointer - 0x4)

/DISCARD/
 libc.a(*)
 libm.a(*)
 libgcc.a(*)

.ARM.attributes
                0x00000000       0x2f
 *(.ARM.attributes)
 .ARM.attributes
                0x00000000       0x21 obj/startup.o
 .ARM.attributes
                0x00000021       0x2e obj/main.o
 .ARM.attributes
                0x0000004f       0x2e obj/System.o
 .ARM.attributes
                0x0000007d       0x2e obj/ADCModule.o
 .ARM.attributes
                0x000000ab       0x2e obj/ButtonModule.o
 .ARM.attributes
                0x000000d9       0x2e obj/DisplayModule.o
 .ARM.attributes
                0x00000107       0x2e obj/HAL.o
 .ARM.attributes
                0x00000135       0x2e obj/LEDModule.o
 .ARM.attributes
                0x00000163       0x2e obj/TimerModule.o
 .ARM.attributes
                0x00000191       0x2e obj/UARTModule.o
 .ARM.attributes
                0x000001bf       0x2e obj/FaultHandler.o
 .ARM.attributes
                0x000001ed       0x2e obj/Scheduler.o
 .ARM.attributes
                0x0000021b       0x2e obj/SystemHandler.o
 .ARM.attributes
                0x00000249       0x2e /home/user/Tools/arm-gnu-toolchain/bin/../lib/gcc/arm-none-eabi/14.2.1/../../../../arm-none-eabi/lib/thumb/v7e-m/nofp/libc_nano.a(libc_a-memset.o)
 .ARM.attributes
                0x00000277       0x1e /home/user/Tools/arm-gnu-toolchain/bin/../lib/gcc/arm-none-eabi/14.2.1/thumb/v7e-m/nofp/libgcc.a(_aeabi_uldivmod.o)
 .ARM.attributes
                0x00000295       0x2e /home/user/Tools/arm-gnu-toolchain/bin/../lib/gcc/arm-none-eabi/14.2.1/thumb/v7e-m/nofp/libgcc.a(_udivmoddi4.o)
 .ARM.attributes
                0x000002c3       0x1e /home/user/Tools/arm-gnu-toolchain/bin/../lib/gcc/arm-none-eabi/14.2.1/thumb/v7e-m/nofp/libgcc.a(_dvmd_tls.o)
 .ARM.attributes
                0x000002e1       0x2e obj/libstm32.a(stm32g4xx_hal_adc.o)
 .ARM.attributes
                0x0000030f       0x2e obj/libstm32.a(stm32g4xx_hal_adc_ex.o)
 .ARM.attributes
                0x0000033d       0x2e obj/libstm32.a(stm32g4xx_hal.o)
 .ARM.attributes
                0x0000036b       0x2e obj/libstm32.a(stm32g4xx_hal_cortex.o)
 .ARM.attributes
                0x00000399       0x2e obj/libstm32.a(stm32g4xx_hal_dma.o)
 .ARM.attributes
                0x000003c7       0x2e obj/libstm32.a(stm32g4xx_hal_gpio.o)
 .ARM.attributes
                0x000003f5       0x2e obj/libstm32.a(stm32g4xx_hal_pwr_ex.o)
 .ARM.attributes
                0x00000423       0x2e obj/libstm32.a(stm32g4xx_hal_rcc.o)
 .ARM.attributes
                0x00000451       0x2e obj/libstm32.a(stm32g4xx_hal_rcc_ex.o)
 .ARM.attributes
                0x0000047f       0x2e obj/libstm32.a(stm32g4xx_hal_tim.o)
 .ARM.attributes
                0x000004ad       0x2e obj/libstm32.a(stm32g4xx_hal_tim_ex.o)
 .ARM.attributes
                0x000004db       0x2e obj/libstm32.a(stm32g4xx_hal_uart.o)
 .ARM.attributes
                0x00000509       0x2e obj/libstm32.a(stm32g4xx_hal_uart_ex.o)
OUTPUT(build/firmware.elf elf32-littlearm)
LOAD linker stubs
LOAD /home/user/Tools/arm-gnu-toolchain/bin/../lib/gcc/arm-none-eabi/14.2.1/../../../../arm-none-eabi/lib/thumb/v7e-m/nofp/libc.a
LOAD /home/user/Tools/arm-gnu-toolchain/bin/../lib/gcc/arm-none-eabi/14.2.1/../../../../arm-none-eabi/lib/thumb/v7e-m/nofp/libm.a
LOAD /home/user/Tools/arm-gnu-toolchain/bin/../lib/gcc/arm-none-eabi/14.2.1/thumb/v7e-m/nofp/libgcc.a

.debug_line     0x00000000     0xf720
 .debug_line    0x00000000       0x6d obj/startup.o
 .debug_line    0x0000006d      0x206 obj/main.o
 .debug_line    0x00000273      0x281 obj/System.o
 .debug_line    0x000004f4      0x426 obj/ADCModule.o
 .debug_line    0x0000091a      0x1c8 obj/ButtonModule.o
 .debug_line    0x00000ae2      0x203 obj/DisplayModule.o
 .debug_line    0x00000ce5      0x133 obj/HAL.o
 .debug_line    0x00000e18      0x1c0 obj/LEDModule.o
 .debug_line    0x00000fd8      0x211 obj/TimerModule.o
 .debug_line    0x000011e9      0x25f obj/UARTModule.o
 .debug_line    0x00001448       0x89 obj/FaultHandler.o
 .debug_line    0x000014d1      0x1e0 obj/Scheduler.o
 .debug_line    0x000016b1       0xb8 obj/SystemHandler.o
 .debug_line    0x00001769     0x1bff obj/libstm32.a(stm32g4xx_hal_adc.o)
 .debug_line    0x00003368     0x159d obj/libstm32.a(stm32g4xx_hal_adc_ex.o)
 .debug_line    0x00004905      0x586 obj/libstm32.a(stm32g4xx_hal.o)
 .debug_line    0x00004e8b      0x6d8 obj/libstm32.a(stm32g4xx_hal_cortex.o)
 .debug_line    0x00005563      0x896 obj/libstm32.a(stm32g4xx_hal_dma.o)
 .debug_line    0x00005df9      0x56b obj/libstm32.a(stm32g4xx_hal_gpio.o)
 .debug_line    0x00006364      0x731 obj/libstm32.a(stm32g4xx_hal_pwr_ex.o)
 .debug_line    0x00006a95      0xa40 obj/libstm32.a(stm32g4xx_hal_rcc.o)
 .debug_line    0x000074d5      0xce5 obj/libstm32.a(stm32g4xx_hal_rcc_ex.o)
 .debug_line    0x000081ba     0x3912 obj/libstm32.a(stm32g4xx_hal_tim.o)
 .debug_line    0x0000bacc     0x1a78 obj/libstm32.a(stm32g4xx_hal_tim_ex.o)
 .debug_line    0x0000d544     0x1b88 obj/libstm32.a(stm32g4xx_hal_uart.o)
 .debug_line    0x0000f0cc      0x654 obj/libstm32.a(stm32g4xx_hal_uart_ex.o)

.debug_info     0x00000000    0x1479a
 .debug_info    0x00000000       0x30 obj/startup.o
 .debug_info    0x00000030      0x32a obj/main.o
 .debug_info    0x0000035a      0x585 obj/System.o
 .debug_info    0x000008df     0x1408 obj/ADCModule.o
 .debug_info    0x00001ce7      0x534 obj/ButtonModule.o
 .debug_info    0x0000221b      0x5bb obj/DisplayModule.o
 .debug_info    0x000027d6      0x2d6 obj/HAL.o
 .debug_info    0x00002aac      0x562 obj/LEDModule.o
 .debug_info    0x0000300e      0xeaf obj/TimerModule.o
 .debug_info    0x00003ebd      0xdc0 obj/UARTModule.o
 .debug_info    0x00004c7d       0x67 obj/FaultHandler.o
 .debug_info    0x00004ce4      0x228 obj/Scheduler.o
 .debug_info    0x00004f0c       0xcf obj/SystemHandler.o
 .debug_info    0x00004fdb     0x2021 obj/libstm32.a(stm32g4xx_hal_adc.o)
 .debug_info    0x00006ffc     0x1d63 obj/libstm32.a(stm32g4xx_hal_adc_ex.o)
 .debug_info    0x00008d5f      0xb51 obj/libstm32.a(stm32g4xx_hal.o)
 .debug_info    0x000098b0      0xda9 obj/libstm32.a(stm32g4xx_hal_cortex.o)
 .debug_info    0x0000a659      0x85b obj/libstm32.a(stm32g4xx_hal_dma.o)
 .debug_info    0x0000aeb4      0x75f obj/libstm32.a(stm32g4xx_hal_gpio.o)
 .debug_info    0x0000b613      0x93b obj/libstm32.a(stm32g4xx_hal_pwr_ex.o)
 .debug_info    0x0000bf4e      0xbe0 obj/libstm32.a(stm32g4xx_hal_rcc.o)
 .debug_info    0x0000cb2e      0xc41 obj/libstm32.a(stm32g4xx_hal_rcc_ex.o)
 .debug_info    0x0000d76f     0x2a82 obj/libstm32.a(stm32g4xx_hal_tim.o)
 .debug_info    0x000101f1     0x1cb5 obj/libstm32.a(stm32g4xx_hal_tim_ex.o)
 .debug_info    0x00011ea6     0x1b7d obj/libstm32.a(stm32g4xx_hal_uart.o)
 .debug_info    0x00013a23      0xd77 obj/libstm32.a(stm32g4xx_hal_uart_ex.o)

.debug_abbrev   0x00000000     0x3183
 .debug_abbrev  0x00000000       0x1d obj/startup.o
 .debug_abbrev  0x0000001d      0x17f obj/main.o
 .debug_abbrev  0x0000019c      0x1d1 obj/System.o
 .debug_abbrev  0x0000036d      0x28f obj/ADCModule.o
 .debug_abbrev  0x000005fc      0x1ac obj/ButtonModule.o
 .debug_abbrev  0x000007a8      0x1c2 obj/DisplayModule.o
 .debug_abbrev  0x0000096a       0xd7 obj/HAL.o
 .debug_abbrev  0x00000a41      0x1a9 obj/LEDModule.o
 .debug_abbrev  0x00000bea      0x1fd obj/TimerModule.o
 .debug_abbrev  0x00000de7      0x1e2 obj/UARTModule.o
 .debug_abbrev  0x00000fc9       0x2f obj/FaultHandler.o
 .debug_abbrev  0x00000ff8      0x103 obj/Scheduler.o
 .debug_abbrev  0x000010fb       0x71 obj/SystemHandler.o
 .debug_abbrev  0x0000116c      0x2c8 obj/libstm32.a(stm32g4xx_hal_adc.o)
 .debug_abbrev  0x00001434      0x2ec obj/libstm32.a(stm32g4xx_hal_adc_ex.o)
 .debug_abbrev  0x00001720      0x240 obj/libstm32.a(stm32g4xx_hal.o)
 .debug_abbrev  0x00001960      0x31a obj/libstm32.a(stm32g4xx_hal_cortex.o)
 .debug_abbrev  0x00001c7a      0x1e0 obj/libstm32.a(stm32g4xx_hal_dma.o)
 .debug_abbrev  0x00001e5a      0x1c9 obj/libstm32.a(stm32g4xx_hal_gpio.o)
 .debug_abbrev  0x00002023      0x22a obj/libstm32.a(stm32g4xx_hal_pwr_ex.o)
 .debug_abbrev  0x0000224d      0x2c7 obj/libstm32.a(stm32g4xx_hal_rcc.o)
 .debug_abbrev  0x00002514      0x256 obj/libstm32.a(stm32g4xx_hal_rcc_ex.o)
 .debug_abbrev  0x0000276a      0x29e obj/libstm32.a(stm32g4xx_hal_tim.o)
 .debug_abbrev  0x00002a08      0x2be obj/libstm32.a(stm32g4xx_hal_tim_ex.o)
 .debug_abbrev  0x00002cc6      0x289 obj/libstm32.a(stm32g4xx_hal_uart.o)
 .debug_abbrev  0x00002f4f      0x234 obj/libstm32.a(stm32g4xx_hal_uart_ex.o)

.debug_aranges  0x00000000     0x1548
 .debug_aranges
                0x00000000       0x28 obj/startup.o
 .debug_aranges
                0x00000028       0x30 obj/main.o
 .debug_aranges
                0x00000058       0x38 obj/System.o
 .debug_aranges
                0x00000090       0x50 obj/ADCModule.o
 .debug_aranges
                0x000000e0       0x28 obj/ButtonModule.o
 .debug_aranges
                0x00000108       0x28 obj/DisplayModule.o
 .debug_aranges
                0x00000130       0x20 obj/HAL.o
 .debug_aranges
                0x00000150       0x30 obj/LEDModule.o
 .debug_aranges
                0x00000180       0x30 obj/TimerModule.o
 .debug_aranges
                0x000001b0       0x28 obj/UARTModule.o
 .debug_aranges
                0x000001d8       0x38 obj/FaultHandler.o
 .debug_aranges
                0x00000210       0x30 obj/Scheduler.o
 .debug_aranges
                0x00000240       0x40 obj/SystemHandler.o
 .debug_aranges
                0x00000280      0x248 obj/libstm32.a(stm32g4xx_hal_adc.o)
 .debug_aranges
                0x000004c8      0x1c0 obj/libstm32.a(stm32g4xx_hal_adc_ex.o)
 .debug_aranges
                0x00000688      0x130 obj/libstm32.a(stm32g4xx_hal.o)
 .debug_aranges
                0x000007b8      0x118 obj/libstm32.a(stm32g4xx_hal_cortex.o)
 .debug_aranges
                0x000008d0       0x90 obj/libstm32.a(stm32g4xx_hal_dma.o)
 .debug_aranges
                0x00000960       0x58 obj/libstm32.a(stm32g4xx_hal_gpio.o)
 .debug_aranges
                0x000009b8      0x140 obj/libstm32.a(stm32g4xx_hal_pwr_ex.o)
 .debug_aranges
                0x00000af8       0x98 obj/libstm32.a(stm32g4xx_hal_rcc.o)
 .debug_aranges
                0x00000b90       0xb0 obj/libstm32.a(stm32g4xx_hal_rcc_ex.o)
 .debug_aranges
                0x00000c40      0x3e0 obj/libstm32.a(stm32g4xx_hal_tim.o)
 .debug_aranges
                0x00001020      0x240 obj/libstm32.a(stm32g4xx_hal_tim_ex.o)
 .debug_aranges
                0x00001260      0x248 obj/libstm32.a(stm32g4xx_hal_uart.o)
 .debug_aranges
                0x000014a8       0xa0 obj/libstm32.a(stm32g4xx_hal_uart_ex.o)

.debug_str      0x00000000     0x697b
 .debug_str     0x00000000     0x697b obj/startup.o
                                 0x66 (size before relaxing)
 .debug_str     0x0000697b      0x39a obj/main.o
 .debug_str     0x0000697b      0x500 obj/System.o
 .debug_str     0x0000697b     0x13ea obj/ADCModule.o
 .debug_str     0x0000697b      0x458 obj/ButtonModule.o
 .debug_str     0x0000697b      0x489 obj/DisplayModule.o
 .debug_str     0x0000697b      0x2f0 obj/HAL.o
 .debug_str     0x0000697b      0x438 obj/LEDModule.o
 .debug_str     0x0000697b     0x10f9 obj/TimerModule.o
 .debug_str     0x0000697b      0xb8c obj/UARTModule.o
 .debug_str     0x0000697b      0x116 obj/FaultHandler.o
 .debug_str     0x0000697b      0x2b1 obj/Scheduler.o
 .debug_str     0x0000697b      0x1b3 obj/SystemHandler.o
 .debug_str     0x0000697b     0x12c1 obj/libstm32.a(stm32g4xx_hal_adc.o)
 .debug_str     0x0000697b     0x12a1 obj/libstm32.a(stm32g4xx_hal_adc_ex.o)
 .debug_str     0x0000697b      0xdd4 obj/libstm32.a(stm32g4xx_hal.o)
 .debug_str     0x0000697b      0xd19 obj/libstm32.a(stm32g4xx_hal_cortex.o)
 .debug_str     0x0000697b      0x75d obj/libstm32.a(stm32g4xx_hal_dma.o)
 .debug_str     0x0000697b      0x4fc obj/libstm32.a(stm32g4xx_hal_gpio.o)
 .debug_str     0x0000697b      0x79e obj/libstm32.a(stm32g4xx_hal_pwr_ex.o)
 .debug_str     0x0000697b      0x7ff obj/libstm32.a(stm32g4xx_hal_rcc.o)
 .debug_str     0x0000697b      0xa21 obj/libstm32.a(stm32g4xx_hal_rcc_ex.o)
 .debug_str     0x0000697b     0x184a obj/libstm32.a(stm32g4xx_hal_tim.o)
 .debug_str     0x0000697b     0x14d4 obj/libstm32.a(stm32g4xx_hal_tim_ex.o)
 .debug_str     0x0000697b     0x1189 obj/libstm32.a(stm32g4xx_hal_uart.o)
 .debug_str     0x0000697b      0xab4 obj/libstm32.a(stm32g4xx_hal_uart_ex.o)

.debug_ranges   0x00000000       0x20
 .debug_ranges  0x00000000       0x20 obj/startup.o

.debug_rnglists
                0x00000000     0x1052
 .debug_rnglists
                0x00000000       0x1f obj/main.o
 .debug_rnglists
                0x0000001f       0x27 obj/System.o
 .debug_rnglists
                0x00000046       0x39 obj/ADCModule.o
 .debug_rnglists
                0x0000007f       0x1b obj/ButtonModule.o
 .debug_rnglists
                0x0000009a       0x1b obj/DisplayModule.o
 .debug_rnglists
                0x000000b5       0x13 obj/HAL.o
 .debug_rnglists
                0x000000c8       0x21 obj/LEDModule.o
 .debug_rnglists
                0x000000e9       0x20 obj/TimerModule.o
 .debug_rnglists
                0x00000109       0x1a obj/UARTModule.o
 .debug_rnglists
                0x00000123       0x25 obj/FaultHandler.o
 .debug_rnglists
                0x00000148       0x20 obj/Scheduler.o
 .debug_rnglists
                0x00000168       0x2b obj/SystemHandler.o
 .debug_rnglists
                0x00000193      0x1c0 obj/libstm32.a(stm32g4xx_hal_adc.o)
 .debug_rnglists
                0x00000353      0x15a obj/libstm32.a(stm32g4xx_hal_adc_ex.o)
 .debug_rnglists
                0x000004ad       0xdf obj/libstm32.a(stm32g4xx_hal.o)
 .debug_rnglists
                0x0000058c       0xce obj/libstm32.a(stm32g4xx_hal_cortex.o)
 .debug_rnglists
                0x0000065a       0x71 obj/libstm32.a(stm32g4xx_hal_dma.o)
 .debug_rnglists
                0x000006cb       0x3f obj/libstm32.a(stm32g4xx_hal_gpio.o)
 .debug_rnglists
                0x0000070a       0xf1 obj/libstm32.a(stm32g4xx_hal_pwr_ex.o)
 .debug_rnglists
                0x000007fb       0x73 obj/libstm32.a(stm32g4xx_hal_rcc.o)
 .debug_rnglists
                0x0000086e       0x87 obj/libstm32.a(stm32g4xx_hal_rcc_ex.o)
 .debug_rnglists
                0x000008f5      0x328 obj/libstm32.a(stm32g4xx_hal_tim.o)
 .debug_rnglists
                0x00000c1d      0x1cb obj/libstm32.a(stm32g4xx_hal_tim_ex.o)
 .debug_rnglists
                0x00000de8      0x1f1 obj/libstm32.a(stm32g4xx_hal_uart.o)
 .debug_rnglists
                0x00000fd9       0x79 obj/libstm32.a(stm32g4xx_hal_uart_ex.o)

.comment        0x00000000       0x45
 .comment       0x00000000       0x45 obj/main.o
                                 0x46 (size before relaxing)
 .comment       0x00000045       0x46 obj/System.o
 .comment       0x00000045       0x46 obj/ADCModule.o
 .comment       0x00000045       0x46 obj/ButtonModule.o
 .comment       0x00000045       0x46 obj/DisplayModule.o
 .comment       0x00000045       0x46 obj/HAL.o
 .comment       0x00000045       0x46 obj/LEDModule.o
 .comment       0x00000045       0x46 obj/TimerModule.o
 .comment       0x00000045       0x46 obj/UARTModule.o
 .comment       0x00000045       0x46 obj/FaultHandler.o
 .comment       0x00000045       0x46 obj/Scheduler.o
 .comment       0x00000045       0x46 obj/SystemHandler.o
 .comment       0x00000045       0x46 obj/libstm32.a(stm32g4xx_hal_adc.o)
 .comment       0x00000045       0x46 obj/libstm32.a(stm32g4xx_hal_adc_ex.o)
 .comment       0x00000045       0x46 obj/libstm32.a(stm32g4xx_hal.o)
 .comment       0x00000045       0x46 obj/libstm32.a(stm32g4xx_hal_cortex.o)
 .comment       0x00000045       0x46 obj/libstm32.a(stm32g4xx_hal_dma.o)
 .comment       0x00000045       0x46 obj/libstm32.a(stm32g4xx_hal_gpio.o)
 .comment       0x00000045       0x46 obj/libstm32.a(stm32g4xx_hal_pwr_ex.o)
 .comment       0x00000045       0x46 obj/libstm32.a(stm32g4xx_hal_rcc.o)
 .comment       0x00000045       0x46 obj/libstm32.a(stm32g4xx_hal_rcc_ex.o)
 .comment       0x00000045       0x46 obj/libstm32.a(stm32g4xx_hal_tim.o)
 .comment       0x00000045       0x46 obj/libstm32.a(stm32g4xx_hal_tim_ex.o)
 .comment       0x00000045       0x46 obj/libstm32.a(stm32g4xx_hal_uart.o)
 .comment       0x00000045       0x46 obj/libstm32.a(stm32g4xx_hal_uart_ex.o)

.debug_frame    0x00000000     0x5994
 .debug_frame   0x00000000       0x68 obj/main.o
 .debug_frame   0x00000068       0x94 obj/System.o
 .debug_frame   0x000000fc      0x104 obj/ADCModule.o
 .debug_frame   0x00000200       0x58 obj/ButtonModule.o
 .debug_frame   0x00000258       0x58 obj/DisplayModule.o
 .debug_frame   0x000002b0       0x34 obj/HAL.o
 .debug_frame   0x000002e4       0x7c obj/LEDModule.o
 .debug_frame   0x00000360       0x74 obj/TimerModule.o
 .debug_frame   0x000003d4       0x5c obj/UARTModule.o
 .debug_frame   0x00000430       0x70 obj/FaultHandler.o
 .debug_frame   0x000004a0       0x84 obj/Scheduler.o
 .debug_frame   0x00000524       0xac obj/SystemHandler.o
 .debug_frame   0x000005d0       0x20 /home/user/Tools/arm-gnu-toolchain/bin/../lib/gcc/arm-none-eabi/14.2.1/../../../../arm-none-eabi/lib/thumb/v7e-m/nofp/libc_nano.a(libc_a-memset.o)
 .debug_frame   0x000005f0       0x2c /home/user/Tools/arm-gnu-toolchain/bin/../lib/gcc/arm-none-eabi/14.2.1/thumb/v7e-m/nofp/libgcc.a(_aeabi_uldivmod.o)
 .debug_frame   0x0000061c       0x34 /home/user/Tools/arm-gnu-toolchain/bin/../lib/gcc/arm-none-eabi/14.2.1/thumb/v7e-m/nofp/libgcc.a(_udivmoddi4.o)
 .debug_frame   0x00000650      0xacc obj/libstm32.a(stm32g4xx_hal_adc.o)
 .debug_frame   0x0000111c      0x81c obj/libstm32.a(stm32g4xx_hal_adc_ex.o)
 .debug_frame   0x00001938      0x4a0 obj/libstm32.a(stm32g4xx_hal.o)
 .debug_frame   0x00001dd8      0x498 obj/libstm32.a(stm32g4xx_hal_cortex.o)
 .debug_frame   0x00002270      0x24c obj/libstm32.a(stm32g4xx_hal_dma.o)
 .debug_frame   0x000024bc      0x14c obj/libstm32.a(stm32g4xx_hal_gpio.o)
 .debug_frame   0x00002608      0x4fc obj/libstm32.a(stm32g4xx_hal_pwr_ex.o)
 .debug_frame   0x00002b04      0x23c obj/libstm32.a(stm32g4xx_hal_rcc.o)
 .debug_frame   0x00002d40      0x2ac obj/libstm32.a(stm32g4xx_hal_rcc_ex.o)
 .debug_frame   0x00002fec     0x1220 obj/libstm32.a(stm32g4xx_hal_tim.o)
 .debug_frame   0x0000420c      0xa68 obj/libstm32.a(stm32g4xx_hal_tim_ex.o)
 .debug_frame   0x00004c74      0xa84 obj/libstm32.a(stm32g4xx_hal_uart.o)
 .debug_frame   0x000056f8      0x29c obj/libstm32.a(stm32g4xx_hal_uart_ex.o)

.debug_line_str
                0x00000000       0xcb
 .debug_line_str
                0x00000000       0xcb /home/user/Tools/arm-gnu-toolchain/bin/../lib/gcc/arm-none-eabi/14.2.1/thumb/v7e-m/nofp/libgcc.a(_aeabi_uldivmod.o)
                                 0xbf (size before relaxing)
 .debug_line_str
                0x000000cb       0xc3 /home/user/Tools/arm-gnu-toolchain/bin/../lib/gcc/arm-none-eabi/14.2.1/thumb/v7e-m/nofp/libgcc.a(_dvmd_tls.o)
