Archive member included to satisfy reference by file (symbol)

/home/user/Tools/arm-gnu-toolchain/bin/../lib/gcc/arm-none-eabi/14.2.1/../../../../arm-none-eabi/lib/thumb/v7e-m/nofp/libc_nano.a(libc_a-memset.o)
                              obj/System.o (memset)
/home/user/Tools/arm-gnu-toolchain/bin/../lib/gcc/arm-none-eabi/14.2.1/../../../../arm-none-eabi/lib/thumb/v7e-m/nofp/libc_nano.a(libc_a-strlen.o)
                              obj/LogOutput.o (strlen)
/home/user/Tools/arm-gnu-toolchain/bin/../lib/gcc/arm-none-eabi/14.2.1/thumb/v7e-m/nofp/libgcc.a(_arm_muldf3.o)
                              obj/printf.o (__aeabi_dmul)
/home/user/Tools/arm-gnu-toolchain/bin/../lib/gcc/arm-none-eabi/14.2.1/thumb/v7e-m/nofp/libgcc.a(_arm_addsubdf3.o)
                              obj/printf.o (__aeabi_dsub)
/home/user/Tools/arm-gnu-toolchain/bin/../lib/gcc/arm-none-eabi/14.2.1/thumb/v7e-m/nofp/libgcc.a(_arm_muldivdf3.o)
                              obj/printf.o (__aeabi_ddiv)
/home/user/Tools/arm-gnu-toolchain/bin/../lib/gcc/arm-none-eabi/14.2.1/thumb/v7e-m/nofp/libgcc.a(_arm_cmpdf2.o)
                              obj/printf.o (__aeabi_dcmpeq)
/home/user/Tools/arm-gnu-toolchain/bin/../lib/gcc/arm-none-eabi/14.2.1/thumb/v7e-m/nofp/libgcc.a(_arm_fixdfsi.o)
                              obj/printf.o (__aeabi_d2iz)
/home/user/Tools/arm-gnu-toolchain/bin/../lib/gcc/arm-none-eabi/14.2.1/thumb/v7e-m/nofp/libgcc.a(_arm_fixunsdfsi.o)
                              obj/printf.o (__aeabi_d2uiz)
/home/user/Tools/arm-gnu-toolchain/bin/../lib/gcc/arm-none-eabi/14.2.1/thumb/v7e-m/nofp/libgcc.a(_aeabi_uldivmod.o)
                              obj/printf.o (__aeabi_uldivmod)
/home/user/Tools/arm-gnu-toolchain/bin/../lib/gcc/arm-none-eabi/14.2.1/thumb/v7e-m/nofp/libgcc.a(_udivmoddi4.o)
                              /home/user/Tools/arm-gnu-toolchain/bin/../lib/gcc/arm-none-eabi/14.2.1/thumb/v7e-m/nofp/libgcc.a(_aeabi_uldivmod.o) (__udivmoddi4)
/home/user/Tools/arm-gnu-toolchain/bin/../lib/gcc/arm-none-eabi/14.2.1/thumb/v7e-m/nofp/libgcc.a(_dvmd_tls.o)
                              /home/user/Tools/arm-gnu-toolchain/bin/../lib/gcc/arm-none-eabi/14.2.1/thumb/v7e-m/nofp/libgcc.a(_aeabi_uldivmod.o) (__aeabi_ldiv0)
obj/libstm32.a(stm32g4xx_hal_adc.o)
                              obj/ADCModule.o (HAL_ADC_Init)
obj/libstm32.a(stm32g4xx_hal_adc_ex.o)
                              obj/ADCModule.o (HAL_ADCEx_Calibration_Start)
obj/libstm32.a(stm32g4xx_hal.o)
                              obj/main.o (HAL_Init)
obj/libstm32.a(stm32g4xx_hal_cortex.o)
                              obj/libstm32.a(stm32g4xx_hal.o) (HAL_NVIC_SetPriorityGrouping)
obj/libstm32.a(stm32g4xx_hal_dma.o)
                              obj/ADCModule.o (HAL_DMA_Init)
obj/libstm32.a(stm32g4xx_hal_gpio.o)
                              obj/ADCModule.o (HAL_GPIO_Init)
obj/libstm32.a(stm32g4xx_hal_pwr_ex.o)
                              obj/System.o (HAL_PWREx_ControlVoltageScaling)
obj/libstm32.a(stm32g4xx_hal_rcc.o)
                              obj/System.o (HAL_RCC_OscConfig)
obj/libstm32.a(stm32g4xx_hal_rcc_ex.o)
                              obj/ADCModule.o (HAL_RCCEx_PeriphCLKConfig)
obj/libstm32.a(stm32g4xx_hal_tim.o)
                              obj/TimerModule.o (HAL_TIM_Base_Init)
obj/libstm32.a(stm32g4xx_hal_tim_ex.o)
                              obj/libstm32.a(stm32g4xx_hal_tim.o) (TIMEx_DMACommutationCplt)
obj/libstm32.a(stm32g4xx_hal_uart.o)
                              obj/UARTModule.o (HAL_UART_Init)
obj/libstm32.a(stm32g4xx_hal_uart_ex.o)
                              obj/libstm32.a(stm32g4xx_hal_uart.o) (HAL_UARTEx_WakeupCallback)
obj/libstm32.a(stm32g4xx_hal_pwr.o)
                              obj/libstm32.a(stm32g4xx_hal_rcc_ex.o) (HAL_PWR_EnableBkUpAccess)

Discarded input sections

 .text          0x00000000       0x14 obj/startup.o
 .data          0x00000000        0x0 obj/startup.o
 .bss           0x00000000        0x0 obj/startup.o
 .text          0x00000000        0x0 obj/main.o
 .data          0x00000000        0x0 obj/main.o
 .bss           0x00000000        0x0 obj/main.o
 .text          0x00000000        0x0 obj/System.o
 .data          0x00000000        0x0 obj/System.o
 .bss           0x00000000        0x0 obj/System.o
 .text.SystemCoreClockUpdate
                0x00000000       0xd4 obj/System.o
 .text          0x00000000        0x0 obj/Application.o
 .data          0x00000000        0x0 obj/Application.o
 .bss           0x00000000        0x0 obj/Application.o
 .data.gStateList
                0x00000000       0x3c obj/Application.o
 .data.gStateTableEntries
                0x00000000       0x48 obj/Application.o
 .bss.gStateTable
                0x00000000       0x20 obj/Application.o
 .text.sampleAppInitialize
                0x00000000       0x38 obj/Application.o
 .text.sampleAppRun
                0x00000000       0x1c obj/Application.o
 .text.sameplAppSendEvent
                0x00000000       0x20 obj/Application.o
 .text.onEntryStartup
[...]
Memory Configuration

Name             Origin             Length             Attributes
RAM              0x20000000         0x00020000         xrw
FLASH            0x08000000         0x00080000         xr
*default*        0x00000000         0xffffffff

Linker script and memory map

LOAD obj/libstm32.a
LOAD obj/startup.o
LOAD obj/main.o
LOAD obj/System.o
LOAD obj/Application.o
LOAD obj/AppTasks.o
LOAD obj/ADCModule.o
LOAD obj/ButtonModule.o
LOAD obj/DisplayModule.o
LOAD obj/HAL.o
LOAD obj/LEDModule.o
LOAD obj/TimerModule.o
LOAD obj/UARTModule.o
LOAD obj/FaultHandler.o
LOAD obj/Scheduler.o
LOAD obj/SystemHandler.o
LOAD obj/GlobalObjects.o
LOAD obj/LogOutput.o
LOAD obj/printf.o
LOAD obj/StateTable.o
START GROUP
LOAD /home/user/Tools/arm-gnu-toolchain/bin/../lib/gcc/arm-none-eabi/14.2.1/../../../../arm-none-eabi/lib/thumb/v7e-m/nofp/libc_nano.a
LOAD /home/user/Tools/arm-gnu-toolchain/bin/../lib/gcc/arm-none-eabi/14.2.1/thumb/v7e-m/nofp/libgcc.a
LOAD /home/user/Tools/arm-gnu-toolchain/bin/../lib/gcc/arm-none-eabi/14.2.1/../../../../arm-none-eabi/lib/thumb/v7e-m/nofp/libm.a
LOAD /home/user/Tools/arm-gnu-toolchain/bin/../lib/gcc/arm-none-eabi/14.2.1/../../../../arm-none-eabi/lib/thumb/v7e-m/nofp/libnosys.a
LOAD obj/libstm32.a
END GROUP
                0x00000200                        _size_of_stack = 0x200
                0x00000000                        _size_of_heap = 0x0
                0x2001fffc                        _end_of_ram = ((ORIGIN (RAM) + LENGTH (RAM)) - 0x4)

.isr_vector     0x08000000      0x1d8
                0x08000000                        . = ALIGN (0x4)
 *(.isr_vector)
 .isr_vector    0x08000000      0x1d8 obj/startup.o
                0x08000000                g_pfnVectors
                0x080001d8                        . = ALIGN (0x4)

.text           0x080001d8     0x8684
                0x080001d8                        . = ALIGN (0x4)
 *(.text)
 .text          0x080001d8       0x10 /home/user/Tools/arm-gnu-toolchain/bin/../lib/gcc/arm-none-eabi/14.2.1/../../../../arm-none-eabi/lib/thumb/v7e-m/nofp/libc_nano.a(libc_a-strlen.o)
                0x080001d8                strlen
 .text          0x080001e8      0x378 /home/user/Tools/arm-gnu-toolchain/bin/../lib/gcc/arm-none-eabi/14.2.1/thumb/v7e-m/nofp/libgcc.a(_arm_addsubdf3.o)
                0x080001e8                __aeabi_drsub
                0x080001f0                __aeabi_dsub
                0x080001f0                __subdf3
                0x080001f4                __adddf3
                0x080001f4                __aeabi_dadd
                0x0800046c                __aeabi_ui2d
                0x0800046c                __floatunsidf
                0x0800048c                __floatsidf
                0x0800048c                __aeabi_i2d
                0x080004b0                __extendsfdf2
                0x080004b0                __aeabi_f2d
                0x080004f4                __aeabi_ul2d
                0x080004f4                __floatundidf
                0x08000504                __floatdidf
                0x08000504                __aeabi_l2d
 .text          0x08000560      0x424 /home/user/Tools/arm-gnu-toolchain/bin/../lib/gcc/arm-none-eabi/14.2.1/thumb/v7e-m/nofp/libgcc.a(_arm_muldivdf3.o)
                0x08000560                __aeabi_dmul
                0x08000560                __muldf3
                0x080007b4                __aeabi_ddiv
                0x080007b4                __divdf3
 .text          0x08000984      0x110 /home/user/Tools/arm-gnu-toolchain/bin/../lib/gcc/arm-none-eabi/14.2.1/thumb/v7e-m/nofp/libgcc.a(_arm_cmpdf2.o)
                0x08000984                __gtdf2
                0x08000984                __gedf2
                0x0800098c                __ltdf2
                0x0800098c                __ledf2
                0x08000994                __cmpdf2
                0x08000994                __eqdf2
                0x08000994                __nedf2
                0x08000a10                __aeabi_cdrcmple
                0x08000a20                __aeabi_cdcmple
                0x08000a20                __aeabi_cdcmpeq
                0x08000a30                __aeabi_dcmpeq
                0x08000a44                __aeabi_dcmplt
                0x08000a58                __aeabi_dcmple
                0x08000a6c                __aeabi_dcmpge
                0x08000a80                __aeabi_dcmpgt
 .text          0x08000a94       0x50 /home/user/Tools/arm-gnu-toolchain/bin/../lib/gcc/arm-none-eabi/14.2.1/thumb/v7e-m/nofp/libgcc.a(_arm_fixdfsi.o)
                0x08000a94                __fixdfsi
                0x08000a94                __aeabi_d2iz
 .text          0x08000ae4       0x40 /home/user/Tools/arm-gnu-toolchain/bin/../lib/gcc/arm-none-eabi/14.2.1/thumb/v7e-m/nofp/libgcc.a(_arm_fixunsdfsi.o)
                0x08000ae4                __fixunsdfsi
                0x08000ae4                __aeabi_d2uiz
 .text          0x08000b24       0x30 /home/user/Tools/arm-gnu-toolchain/bin/../lib/gcc/arm-none-eabi/14.2.1/thumb/v7e-m/nofp/libgcc.a(_aeabi_uldivmod.o)
                0x08000b24                __aeabi_uldivmod
 .text          0x08000b54        0x4 /home/user/Tools/arm-gnu-toolchain/bin/../lib/gcc/arm-none-eabi/14.2.1/thumb/v7e-m/nofp/libgcc.a(_dvmd_tls.o)
                0x08000b54                __aeabi_ldiv0
                0x08000b54                __aeabi_idiv0
 *(.text*)
 .text.Reset_Handler
                0x08000b58       0x4c obj/startup.o
                0x08000b58                Reset_Handler
 .text.Default_Handler
                0x08000ba4        0x2 obj/startup.o
                0x08000ba4                RTC_Alarm_IRQHandler
                0x08000ba4                EXTI2_IRQHandler
                0x08000ba4                TIM8_TRG_COM_IRQHandler
                0x08000ba4                TIM8_CC_IRQHandler
                0x08000ba4                HRTIM1_Master_IRQHandler
                0x08000ba4                SPI4_IRQHandler
                0x08000ba4                FDCAN3_IT0_IRQHandler
                0x08000ba4                TIM1_CC_IRQHandler
                0x08000ba4                HRTIM1_FLT_IRQHandler
                0x08000ba4                HRTIM1_TIMF_IRQHandler
                0x08000ba4                USB_HP_IRQHandler
                0x08000ba4                CORDIC_IRQHandler
                0x08000ba4                HRTIM1_TIMD_IRQHandler
                0x08000ba4                DMA2_Channel8_IRQHandler
                0x08000ba4                EXTI3_IRQHandler
                0x08000ba4                I2C3_ER_IRQHandler
                0x08000ba4                EXTI0_IRQHandler
                0x08000ba4                I2C2_EV_IRQHandler
                0x08000ba4                FPU_IRQHandler
                0x08000ba4                FDCAN1_IT1_IRQHandler
                0x08000ba4                TIM1_UP_TIM16_IRQHandler
                0x08000ba4                HRTIM1_TIME_IRQHandler
                0x08000ba4                SPI1_IRQHandler
                0x08000ba4                TIM6_DAC_IRQHandler
                0x08000ba4                HRTIM1_TIMC_IRQHandler
                0x08000ba4                TIM8_UP_IRQHandler
                0x08000ba4                DMA2_Channel2_IRQHandler
                0x08000ba4                DMA1_Channel4_IRQHandler
                0x08000ba4                TIM20_TRG_COM_IRQHandler
                0x08000ba4                USART3_IRQHandler
                0x08000ba4                DMA1_Channel7_IRQHandler
                0x08000ba4                UART5_IRQHandler
                0x08000ba4                ADC3_IRQHandler
                0x08000ba4                TIM4_IRQHandler
                0x08000ba4                DMA2_Channel1_IRQHandler
                0x08000ba4                QUADSPI_IRQHandler
                0x08000ba4                I2C1_EV_IRQHandler
                0x08000ba4                DMA1_Channel6_IRQHandler
                0x08000ba4                UART4_IRQHandler
                0x08000ba4                DMA2_Channel4_IRQHandler
                0x08000ba4                RCC_IRQHandler
                0x08000ba4                TIM20_UP_IRQHandler
                0x08000ba4                Default_Handler
                0x08000ba4                DMA2_Channel7_IRQHandler
                0x08000ba4                RTC_TAMP_LSECSS_IRQHandler
                0x08000ba4                FMAC_IRQHandler
                0x08000ba4                EXTI15_10_IRQHandler
                0x08000ba4                DMA1_Channel8_IRQHandler
                0x08000ba4                HRTIM1_TIMA_IRQHandler
                0x08000ba4                TIM7_DAC_IRQHandler
                0x08000ba4                FDCAN3_IT1_IRQHandler
                0x08000ba4                TIM5_IRQHandler
                0x08000ba4                UCPD1_IRQHandler
                0x08000ba4                I2C3_EV_IRQHandler
                0x08000ba4                EXTI9_5_IRQHandler
                0x08000ba4                RTC_WKUP_IRQHandler
                0x08000ba4                PVD_PVM_IRQHandler
                0x08000ba4                SPI2_IRQHandler
                0x08000ba4                ADC5_IRQHandler
                0x08000ba4                DMA2_Channel5_IRQHandler
                0x08000ba4                CRS_IRQHandler
                0x08000ba4                DMA1_Channel5_IRQHandler
                0x08000ba4                USB_LP_IRQHandler
                0x08000ba4                EXTI4_IRQHandler
                0x08000ba4                RNG_IRQHandler
                0x08000ba4                HRTIM1_TIMB_IRQHandler
                0x08000ba4                TIM1_TRG_COM_TIM17_IRQHandler
                0x08000ba4                FDCAN2_IT1_IRQHandler
                0x08000ba4                DMA1_Channel3_IRQHandler
                0x08000ba4                ADC4_IRQHandler
                0x08000ba4                WWDG_IRQHandler
                0x08000ba4                I2C4_EV_IRQHandler
                0x08000ba4                FDCAN2_IT0_IRQHandler
                0x08000ba4                LPUART1_IRQHandler
                0x08000ba4                DMA2_Channel6_IRQHandler
                0x08000ba4                FDCAN1_IT0_IRQHandler
                0x08000ba4                TIM2_IRQHandler
                0x08000ba4                COMP7_IRQHandler
                0x08000ba4                COMP1_2_3_IRQHandler
                0x08000ba4                EXTI1_IRQHandler
                0x08000ba4                USART2_IRQHandler
                0x08000ba4                COMP4_5_6_IRQHandler
                0x08000ba4                TIM20_BRK_IRQHandler
                0x08000ba4                I2C2_ER_IRQHandler
                0x08000ba4                DMA1_Channel2_IRQHandler
                0x08000ba4                TIM8_BRK_IRQHandler
                0x08000ba4                FLASH_IRQHandler
                0x08000ba4                TIM20_CC_IRQHandler
                0x08000ba4                USART1_IRQHandler
                0x08000ba4                SPI3_IRQHandler
                0x08000ba4                I2C1_ER_IRQHandler
                0x08000ba4                FMC_IRQHandler
                0x08000ba4                LPTIM1_IRQHandler
                0x08000ba4                DMAMUX_OVR_IRQHandler
                0x08000ba4                I2C4_ER_IRQHandler
                0x08000ba4                USBWakeUp_IRQHandler
                0x08000ba4                SAI1_IRQHandler
                0x08000ba4                DMA2_Channel3_IRQHandler
                0x08000ba4                TIM1_BRK_TIM15_IRQHandler
 .text.myfunc   0x08000ba6        0xe obj/main.o
                0x08000ba6                myfunc
 .text.main     0x08000bb4       0xfc obj/main.o
                0x08000bb4                main
 .text.initializePeripherals
                0x08000cb0       0x26 obj/main.o
 .text.SystemInit
                0x08000cd6        0xc obj/System.o
                0x08000cd6                SystemInit
 .text.SystemClock_Config
                0x08000ce2       0x98 obj/System.o
                0x08000ce2                SystemClock_Config
 .text.Error_Handler
                0x08000d7a        0xc obj/System.o
                0x08000d7a                Error_Handler
 *fill*         0x08000d86        0x2 
 .text.adcInitialize
                0x08000d88      0x19c obj/ADCModule.o
                0x08000d88                adcInitialize
 .text.HAL_ADC_MspInit
                0x08000f24      0x114 obj/ADCModule.o
                0x08000f24                HAL_ADC_MspInit
 .text.adcReadChannelRaw
                0x08001038       0x68 obj/ADCModule.o
                0x08001038                adcReadChannelRaw
 .text.adcReadChannel
                0x080010a0       0x2a obj/ADCModule.o
                0x080010a0                adcReadChannel
 *fill*         0x080010ca        0x2 
 .text.adcInitializeDMA
                0x080010cc       0x54 obj/ADCModule.o
 .text.DMA1_Channel1_IRQHandler
                0x08001120       0x14 obj/ADCModule.o
                0x08001120                DMA1_Channel1_IRQHandler
 .text.ADC1_2_IRQHandler
                0x08001134       0x14 obj/ADCModule.o
                0x08001134                ADC1_2_IRQHandler
 .text.buttonInitialize
                0x08001148       0xdc obj/ButtonModule.o
                0x08001148                buttonInitialize
 .text.buttonGetButtonStatus
                0x08001224       0x98 obj/ButtonModule.o
                0x08001224                buttonGetButtonStatus
 .text.displayInitialize
                0x080012bc      0x108 obj/DisplayModule.o
                0x080012bc                displayInitialize
 .text.displayShowDigit
                0x080013c4      0x1a4 obj/DisplayModule.o
                0x080013c4                displayShowDigit
 .text.HAL_MspInit
                0x08001568       0x48 obj/HAL.o
                0x08001568                HAL_MspInit
 .text.ledInitialize
                0x080015b0      0x10c obj/LEDModule.o
                0x080015b0                ledInitialize
 .text.ledToggleLED
                0x080016bc       0x78 obj/LEDModule.o
                0x080016bc                ledToggleLED
 .text.timerInitialize
                0x08001734       0xac obj/TimerModule.o
                0x08001734                timerInitialize
 .text.HAL_TIM_Base_MspInit
                0x080017e0       0x4c obj/TimerModule.o
                0x080017e0                HAL_TIM_Base_MspInit
 .text.TIM3_IRQHandler
                0x0800182c       0x14 obj/TimerModule.o
                0x0800182c                TIM3_IRQHandler
 .text.uartInitialize
                0x08001840      0x130 obj/UARTModule.o
                0x08001840                uartInitialize
 .text.uartSendData
                0x08001970       0x3c obj/UARTModule.o
                0x08001970                uartSendData
 .text.HardFault_Handler
                0x080019ac        0x8 obj/FaultHandler.o
                0x080019ac                HardFault_Handler
 .text.MemManage_Handler
                0x080019b4        0x8 obj/FaultHandler.o
                0x080019b4                MemManage_Handler
 .text.BusFault_Handler
                0x080019bc        0x8 obj/FaultHandler.o
                0x080019bc                BusFault_Handler
 .text.UsageFault_Handler
                0x080019c4        0x8 obj/FaultHandler.o
                0x080019c4                UsageFault_Handler
 .text.schedInitialize
                0x080019cc       0x14 obj/Scheduler.o
                0x080019cc                schedInitialize
 .text.schedCycle
                0x080019e0       0x14 obj/Scheduler.o
                0x080019e0                schedCycle
 .text.NMI_Handler
                0x080019f4        0xc obj/SystemHandler.o
                0x080019f4                NMI_Handler
 .text.SVC_Handler
                0x08001a00        0xc obj/SystemHandler.o
                0x08001a00                SVC_Handler
 .text.PendSV_Handler
                0x08001a0c        0xc obj/SystemHandler.o
                0x08001a0c                PendSV_Handler
 .text.SysTick_Handler
                0x08001a18        0xc obj/SystemHandler.o
                0x08001a18                SysTick_Handler
 .text.DebugMon_Handler
                0x08001a24        0xc obj/SystemHandler.o
                0x08001a24                DebugMon_Handler
 .text.outputLog
                0x08001a30       0x22 obj/LogOutput.o
                0x08001a30                outputLog
 .text.outputLogf
                0x08001a52       0x2c obj/LogOutput.o
                0x08001a52                outputLogf
 *fill*         0x08001a7e        0x2 
 .text.internalFormattedOutput
                0x08001a80       0x40 obj/LogOutput.o
 .text._out_buffer
                0x08001ac0       0x2c obj/printf.o
 .text._out_null
                0x08001aec       0x1a obj/printf.o
 .text._strnlen_s
                0x08001b06       0x38 obj/printf.o
 .text._is_digit
                0x08001b3e       0x2c obj/printf.o
 .text._atoi    0x08001b6a       0x48 obj/printf.o
 .text._out_rev
                0x08001bb2       0xa0 obj/printf.o
 .text._ntoa_format
                0x08001c52      0x1b8 obj/printf.o
 .text._ntoa_long
                0x08001e0a       0xcc obj/printf.o
 .text._ntoa_long_long
                0x08001ed6       0xda obj/printf.o
 .text._ftoa    0x08001fb0      0x4b0 obj/printf.o
 .text._etoa    0x08002460      0x520 obj/printf.o
 .text._vsnprintf
                0x08002980      0x9f8 obj/printf.o
 .text.vsnprintf_
                0x08003378       0x2c obj/printf.o
                0x08003378                vsnprintf_
 .text.memset   0x080033a4       0x10 /home/user/Tools/arm-gnu-toolchain/bin/../lib/gcc/arm-none-eabi/14.2.1/../../../../arm-none-eabi/lib/thumb/v7e-m/nofp/libc_nano.a(libc_a-memset.o)
                0x080033a4                memset
 .text.__udivmoddi4
                0x080033b4      0x2f8 /home/user/Tools/arm-gnu-toolchain/bin/../lib/gcc/arm-none-eabi/14.2.1/thumb/v7e-m/nofp/libgcc.a(_udivmoddi4.o)
                0x080033b4                __udivmoddi4
 .text.LL_ADC_SetCommonClock
                0x080036ac       0x24 obj/libstm32.a(stm32g4xx_hal_adc.o)
 .text.LL_ADC_SetCommonPathInternalCh
                0x080036d0       0x24 obj/libstm32.a(stm32g4xx_hal_adc.o)
 .text.LL_ADC_GetCommonPathInternalCh
                0x080036f4       0x1a obj/libstm32.a(stm32g4xx_hal_adc.o)
 *fill*         0x0800370e        0x2 
 .text.LL_ADC_SetOffset
                0x08003710       0x48 obj/libstm32.a(stm32g4xx_hal_adc.o)
 .text.LL_ADC_GetOffsetChannel
                0x08003758       0x2a obj/libstm32.a(stm32g4xx_hal_adc.o)
 .text.LL_ADC_SetOffsetState
                0x08003782       0x34 obj/libstm32.a(stm32g4xx_hal_adc.o)
 .text.LL_ADC_SetOffsetSign
                0x080037b6       0x34 obj/libstm32.a(stm32g4xx_hal_adc.o)
 .text.LL_ADC_SetOffsetSaturation
                0x080037ea       0x34 obj/libstm32.a(stm32g4xx_hal_adc.o)
 .text.LL_ADC_SetSamplingTimeCommonConfig
                0x0800381e       0x24 obj/libstm32.a(stm32g4xx_hal_adc.o)
 .text.LL_ADC_REG_IsTriggerSourceSWStart
                0x08003842       0x24 obj/libstm32.a(stm32g4xx_hal_adc.o)
 .text.LL_ADC_REG_SetSequencerRanks
                0x08003866       0x56 obj/libstm32.a(stm32g4xx_hal_adc.o)
 .text.LL_ADC_INJ_IsTriggerSourceSWStart
                0x080038bc       0x24 obj/libstm32.a(stm32g4xx_hal_adc.o)
 .text.LL_ADC_SetChannelSamplingTime
                0x080038e0       0x54 obj/libstm32.a(stm32g4xx_hal_adc.o)
 .text.LL_ADC_SetChannelSingleDiff
                0x08003934       0x44 obj/libstm32.a(stm32g4xx_hal_adc.o)
 .text.LL_ADC_GetMultimode
                0x08003978       0x1a obj/libstm32.a(stm32g4xx_hal_adc.o)
 .text.LL_ADC_GetMultiDMATransfer
                0x08003992       0x1a obj/libstm32.a(stm32g4xx_hal_adc.o)
 .text.LL_ADC_DisableDeepPowerDown
                0x080039ac       0x22 obj/libstm32.a(stm32g4xx_hal_adc.o)
 .text.LL_ADC_IsDeepPowerDownEnabled
                0x080039ce       0x26 obj/libstm32.a(stm32g4xx_hal_adc.o)
 .text.LL_ADC_EnableInternalRegulator
                0x080039f4       0x26 obj/libstm32.a(stm32g4xx_hal_adc.o)
 .text.LL_ADC_IsInternalRegulatorEnabled
                0x08003a1a       0x26 obj/libstm32.a(stm32g4xx_hal_adc.o)
 .text.LL_ADC_Enable
                0x08003a40       0x26 obj/libstm32.a(stm32g4xx_hal_adc.o)
 .text.LL_ADC_Disable
                0x08003a66       0x26 obj/libstm32.a(stm32g4xx_hal_adc.o)
 .text.LL_ADC_IsEnabled
                0x08003a8c       0x24 obj/libstm32.a(stm32g4xx_hal_adc.o)
 .text.LL_ADC_IsDisableOngoing
                0x08003ab0       0x24 obj/libstm32.a(stm32g4xx_hal_adc.o)
 .text.LL_ADC_REG_StartConversion
                0x08003ad4       0x26 obj/libstm32.a(stm32g4xx_hal_adc.o)
 .text.LL_ADC_REG_IsConversionOngoing
                0x08003afa       0x24 obj/libstm32.a(stm32g4xx_hal_adc.o)
 .text.LL_ADC_INJ_IsConversionOngoing
                0x08003b1e       0x24 obj/libstm32.a(stm32g4xx_hal_adc.o)
 *fill*         0x08003b42        0x2 
 .text.HAL_ADC_Init
                0x08003b44      0x384 obj/libstm32.a(stm32g4xx_hal_adc.o)
                0x08003b44                HAL_ADC_Init
 .text.HAL_ADC_Start_DMA
                0x08003ec8      0x19c obj/libstm32.a(stm32g4xx_hal_adc.o)
                0x08003ec8                HAL_ADC_Start_DMA
 .text.HAL_ADC_IRQHandler
                0x08004064      0x4c0 obj/libstm32.a(stm32g4xx_hal_adc.o)
                0x08004064                HAL_ADC_IRQHandler
 .text.HAL_ADC_ConvCpltCallback
                0x08004524       0x12 obj/libstm32.a(stm32g4xx_hal_adc.o)
                0x08004524                HAL_ADC_ConvCpltCallback
 .text.HAL_ADC_ConvHalfCpltCallback
                0x08004536       0x12 obj/libstm32.a(stm32g4xx_hal_adc.o)
                0x08004536                HAL_ADC_ConvHalfCpltCallback
 .text.HAL_ADC_LevelOutOfWindowCallback
                0x08004548       0x12 obj/libstm32.a(stm32g4xx_hal_adc.o)
                0x08004548                HAL_ADC_LevelOutOfWindowCallback
 .text.HAL_ADC_ErrorCallback
                0x0800455a       0x12 obj/libstm32.a(stm32g4xx_hal_adc.o)
                0x0800455a                HAL_ADC_ErrorCallback
 .text.HAL_ADC_ConfigChannel
                0x0800456c      0x880 obj/libstm32.a(stm32g4xx_hal_adc.o)
                0x0800456c                HAL_ADC_ConfigChannel
 .text.ADC_Enable
                0x08004dec       0xc4 obj/libstm32.a(stm32g4xx_hal_adc.o)
                0x08004dec                ADC_Enable
 .text.ADC_Disable
                0x08004eb0       0xbe obj/libstm32.a(stm32g4xx_hal_adc.o)
                0x08004eb0                ADC_Disable
 .text.ADC_DMAConvCplt
                0x08004f6e       0xd8 obj/libstm32.a(stm32g4xx_hal_adc.o)
                0x08004f6e                ADC_DMAConvCplt
 .text.ADC_DMAHalfConvCplt
                0x08005046       0x1c obj/libstm32.a(stm32g4xx_hal_adc.o)
                0x08005046                ADC_DMAHalfConvCplt
 .text.ADC_DMAError
                0x08005062       0x34 obj/libstm32.a(stm32g4xx_hal_adc.o)
                0x08005062                ADC_DMAError
 .text.LL_ADC_IsEnabled
                0x08005096       0x24 obj/libstm32.a(stm32g4xx_hal_adc_ex.o)
 .text.LL_ADC_StartCalibration
                0x080050ba       0x30 obj/libstm32.a(stm32g4xx_hal_adc_ex.o)
 .text.LL_ADC_IsCalibrationOnGoing
                0x080050ea       0x26 obj/libstm32.a(stm32g4xx_hal_adc_ex.o)
 .text.LL_ADC_REG_IsConversionOngoing
                0x08005110       0x24 obj/libstm32.a(stm32g4xx_hal_adc_ex.o)
 .text.HAL_ADCEx_Calibration_Start
                0x08005134       0xc4 obj/libstm32.a(stm32g4xx_hal_adc_ex.o)
                0x08005134                HAL_ADCEx_Calibration_Start
 .text.HAL_ADCEx_InjectedConvCpltCallback
                0x080051f8       0x12 obj/libstm32.a(stm32g4xx_hal_adc_ex.o)
                0x080051f8                HAL_ADCEx_InjectedConvCpltCallback
 .text.HAL_ADCEx_InjectedQueueOverflowCallback
                0x0800520a       0x12 obj/libstm32.a(stm32g4xx_hal_adc_ex.o)
                0x0800520a                HAL_ADCEx_InjectedQueueOverflowCallback
 .text.HAL_ADCEx_LevelOutOfWindow2Callback
                0x0800521c       0x12 obj/libstm32.a(stm32g4xx_hal_adc_ex.o)
                0x0800521c                HAL_ADCEx_LevelOutOfWindow2Callback
 .text.HAL_ADCEx_LevelOutOfWindow3Callback
                0x0800522e       0x12 obj/libstm32.a(stm32g4xx_hal_adc_ex.o)
                0x0800522e                HAL_ADCEx_LevelOutOfWindow3Callback
 .text.HAL_ADCEx_EndOfSamplingCallback
                0x08005240       0x12 obj/libstm32.a(stm32g4xx_hal_adc_ex.o)
                0x08005240                HAL_ADCEx_EndOfSamplingCallback
 *fill*         0x08005252        0x2 
 .text.HAL_ADCEx_MultiModeConfigChannel
                0x08005254      0x210 obj/libstm32.a(stm32g4xx_hal_adc_ex.o)
                0x08005254                HAL_ADCEx_MultiModeConfigChannel
 .text.HAL_Init
                0x08005464       0x30 obj/libstm32.a(stm32g4xx_hal.o)
                0x08005464                HAL_Init
 .text.HAL_InitTick
                0x08005494       0x74 obj/libstm32.a(stm32g4xx_hal.o)
                0x08005494                HAL_InitTick
 .text.HAL_IncTick
                0x08005508       0x24 obj/libstm32.a(stm32g4xx_hal.o)
                0x08005508                HAL_IncTick
 .text.HAL_GetTick
                0x0800552c       0x14 obj/libstm32.a(stm32g4xx_hal.o)
                0x0800552c                HAL_GetTick
 .text.HAL_Delay
                0x08005540       0x44 obj/libstm32.a(stm32g4xx_hal.o)
                0x08005540                HAL_Delay
 .text.__NVIC_SetPriorityGrouping
                0x08005584       0x48 obj/libstm32.a(stm32g4xx_hal_cortex.o)
 .text.__NVIC_GetPriorityGrouping
                0x080055cc       0x1c obj/libstm32.a(stm32g4xx_hal_cortex.o)
 .text.__NVIC_EnableIRQ
                0x080055e8       0x38 obj/libstm32.a(stm32g4xx_hal_cortex.o)
 .text.__NVIC_SetPriority
                0x08005620       0x54 obj/libstm32.a(stm32g4xx_hal_cortex.o)
 .text.NVIC_EncodePriority
                0x08005674       0x64 obj/libstm32.a(stm32g4xx_hal_cortex.o)
 .text.SysTick_Config
                0x080056d8       0x44 obj/libstm32.a(stm32g4xx_hal_cortex.o)
 .text.HAL_NVIC_SetPriorityGrouping
                0x0800571c       0x16 obj/libstm32.a(stm32g4xx_hal_cortex.o)
                0x0800571c                HAL_NVIC_SetPriorityGrouping
 .text.HAL_NVIC_SetPriority
                0x08005732       0x34 obj/libstm32.a(stm32g4xx_hal_cortex.o)
                0x08005732                HAL_NVIC_SetPriority
 .text.HAL_NVIC_EnableIRQ
                0x08005766       0x1c obj/libstm32.a(stm32g4xx_hal_cortex.o)
                0x08005766                HAL_NVIC_EnableIRQ
 .text.HAL_SYSTICK_Config
                0x08005782       0x18 obj/libstm32.a(stm32g4xx_hal_cortex.o)
                0x08005782                HAL_SYSTICK_Config
 *fill*         0x0800579a        0x2 
 .text.HAL_DMA_Init
                0x0800579c      0x150 obj/libstm32.a(stm32g4xx_hal_dma.o)
                0x0800579c                HAL_DMA_Init
 .text.HAL_DMA_Start_IT
                0x080058ec       0xf6 obj/libstm32.a(stm32g4xx_hal_dma.o)
                0x080058ec                HAL_DMA_Start_IT
 .text.HAL_DMA_IRQHandler
                0x080059e2      0x15e obj/libstm32.a(stm32g4xx_hal_dma.o)
                0x080059e2                HAL_DMA_IRQHandler
 .text.DMA_SetConfig
                0x08005b40       0x7a obj/libstm32.a(stm32g4xx_hal_dma.o)
 *fill*         0x08005bba        0x2 
 .text.DMA_CalcDMAMUXChannelBaseAndMask
                0x08005bbc       0x78 obj/libstm32.a(stm32g4xx_hal_dma.o)
 .text.DMA_CalcDMAMUXRequestGenBaseAndMask
                0x08005c34       0x48 obj/libstm32.a(stm32g4xx_hal_dma.o)
 .text.HAL_GPIO_Init
                0x08005c7c      0x304 obj/libstm32.a(stm32g4xx_hal_gpio.o)
                0x08005c7c                HAL_GPIO_Init
 .text.HAL_GPIO_ReadPin
                0x08005f80       0x2e obj/libstm32.a(stm32g4xx_hal_gpio.o)
                0x08005f80                HAL_GPIO_ReadPin
 .text.HAL_GPIO_WritePin
                0x08005fae       0x2e obj/libstm32.a(stm32g4xx_hal_gpio.o)
                0x08005fae                HAL_GPIO_WritePin
 .text.HAL_GPIO_TogglePin
                0x08005fdc       0x32 obj/libstm32.a(stm32g4xx_hal_gpio.o)
                0x08005fdc                HAL_GPIO_TogglePin
 *fill*         0x0800600e        0x2 
 .text.HAL_PWREx_ControlVoltageScaling
                0x08006010      0x148 obj/libstm32.a(stm32g4xx_hal_pwr_ex.o)
                0x08006010                HAL_PWREx_ControlVoltageScaling
 .text.HAL_PWREx_DisableUCPDDeadBattery
                0x08006158       0x1c obj/libstm32.a(stm32g4xx_hal_pwr_ex.o)
                0x08006158                HAL_PWREx_DisableUCPDDeadBattery
 .text.HAL_RCC_OscConfig
                0x08006174      0x630 obj/libstm32.a(stm32g4xx_hal_rcc.o)
                0x08006174                HAL_RCC_OscConfig
 .text.HAL_RCC_ClockConfig
                0x080067a4      0x278 obj/libstm32.a(stm32g4xx_hal_rcc.o)
                0x080067a4                HAL_RCC_ClockConfig
 .text.HAL_RCC_GetSysClockFreq
                0x08006a1c       0xc0 obj/libstm32.a(stm32g4xx_hal_rcc.o)
                0x08006a1c                HAL_RCC_GetSysClockFreq
 .text.HAL_RCC_GetHCLKFreq
                0x08006adc       0x14 obj/libstm32.a(stm32g4xx_hal_rcc.o)
                0x08006adc                HAL_RCC_GetHCLKFreq
 .text.HAL_RCC_GetPCLK1Freq
                0x08006af0       0x2c obj/libstm32.a(stm32g4xx_hal_rcc.o)
                0x08006af0                HAL_RCC_GetPCLK1Freq
 .text.HAL_RCC_GetPCLK2Freq
                0x08006b1c       0x2c obj/libstm32.a(stm32g4xx_hal_rcc.o)
                0x08006b1c                HAL_RCC_GetPCLK2Freq
 .text.RCC_GetSysClockFreqFromPLLSource
                0x08006b48       0x8c obj/libstm32.a(stm32g4xx_hal_rcc.o)
 .text.HAL_RCCEx_PeriphCLKConfig
                0x08006bd4      0x49c obj/libstm32.a(stm32g4xx_hal_rcc_ex.o)
                0x08006bd4                HAL_RCCEx_PeriphCLKConfig
 .text.HAL_TIM_Base_Init
                0x08007070       0xae obj/libstm32.a(stm32g4xx_hal_tim.o)
                0x08007070                HAL_TIM_Base_Init
 *fill*         0x0800711e        0x2 
 .text.HAL_TIM_Base_Start_IT
                0x08007120       0xec obj/libstm32.a(stm32g4xx_hal_tim.o)
                0x08007120                HAL_TIM_Base_Start_IT
 .text.HAL_TIM_IRQHandler
                0x0800720c      0x2fe obj/libstm32.a(stm32g4xx_hal_tim.o)
                0x0800720c                HAL_TIM_IRQHandler
 *fill*         0x0800750a        0x2 
 .text.HAL_TIM_ConfigClockSource
                0x0800750c      0x224 obj/libstm32.a(stm32g4xx_hal_tim.o)
                0x0800750c                HAL_TIM_ConfigClockSource
 .text.HAL_TIM_PeriodElapsedCallback
                0x08007730       0x12 obj/libstm32.a(stm32g4xx_hal_tim.o)
                0x08007730                HAL_TIM_PeriodElapsedCallback
 .text.HAL_TIM_OC_DelayElapsedCallback
                0x08007742       0x12 obj/libstm32.a(stm32g4xx_hal_tim.o)
                0x08007742                HAL_TIM_OC_DelayElapsedCallback
 .text.HAL_TIM_IC_CaptureCallback
                0x08007754       0x12 obj/libstm32.a(stm32g4xx_hal_tim.o)
                0x08007754                HAL_TIM_IC_CaptureCallback
 .text.HAL_TIM_PWM_PulseFinishedCallback
                0x08007766       0x12 obj/libstm32.a(stm32g4xx_hal_tim.o)
                0x08007766                HAL_TIM_PWM_PulseFinishedCallback
 .text.HAL_TIM_TriggerCallback
                0x08007778       0x12 obj/libstm32.a(stm32g4xx_hal_tim.o)
                0x08007778                HAL_TIM_TriggerCallback
 *fill*         0x0800778a        0x2 
 .text.TIM_Base_SetConfig
                0x0800778c      0x14c obj/libstm32.a(stm32g4xx_hal_tim.o)
                0x0800778c                TIM_Base_SetConfig
 .text.TIM_TI1_ConfigInputStage
                0x080078d8       0x5c obj/libstm32.a(stm32g4xx_hal_tim.o)
 .text.TIM_TI2_ConfigInputStage
                0x08007934       0x5e obj/libstm32.a(stm32g4xx_hal_tim.o)
 .text.TIM_ITRx_SetConfig
                0x08007992       0x38 obj/libstm32.a(stm32g4xx_hal_tim.o)
 .text.TIM_ETR_SetConfig
                0x080079ca       0x3e obj/libstm32.a(stm32g4xx_hal_tim.o)
                0x080079ca                TIM_ETR_SetConfig
 .text.HAL_TIMEx_MasterConfigSynchronization
                0x08007a08      0x128 obj/libstm32.a(stm32g4xx_hal_tim_ex.o)
                0x08007a08                HAL_TIMEx_MasterConfigSynchronization
 .text.HAL_TIMEx_CommutCallback
                0x08007b30       0x12 obj/libstm32.a(stm32g4xx_hal_tim_ex.o)
                0x08007b30                HAL_TIMEx_CommutCallback
 .text.HAL_TIMEx_BreakCallback
                0x08007b42       0x12 obj/libstm32.a(stm32g4xx_hal_tim_ex.o)
                0x08007b42                HAL_TIMEx_BreakCallback
 .text.HAL_TIMEx_Break2Callback
                0x08007b54       0x12 obj/libstm32.a(stm32g4xx_hal_tim_ex.o)
                0x08007b54                HAL_TIMEx_Break2Callback
 .text.HAL_TIMEx_EncoderIndexCallback
                0x08007b66       0x12 obj/libstm32.a(stm32g4xx_hal_tim_ex.o)
                0x08007b66                HAL_TIMEx_EncoderIndexCallback
 .text.HAL_TIMEx_DirectionChangeCallback
                0x08007b78       0x12 obj/libstm32.a(stm32g4xx_hal_tim_ex.o)
                0x08007b78                HAL_TIMEx_DirectionChangeCallback
 .text.HAL_TIMEx_IndexErrorCallback
                0x08007b8a       0x12 obj/libstm32.a(stm32g4xx_hal_tim_ex.o)
                0x08007b8a                HAL_TIMEx_IndexErrorCallback
 .text.HAL_TIMEx_TransitionErrorCallback
                0x08007b9c       0x12 obj/libstm32.a(stm32g4xx_hal_tim_ex.o)
                0x08007b9c                HAL_TIMEx_TransitionErrorCallback
 .text.HAL_UART_Init
                0x08007bae       0xa0 obj/libstm32.a(stm32g4xx_hal_uart.o)
                0x08007bae                HAL_UART_Init
 .text.HAL_UART_MspInit
                0x08007c4e       0x12 obj/libstm32.a(stm32g4xx_hal_uart.o)
                0x08007c4e                HAL_UART_MspInit
 .text.HAL_UART_Transmit
                0x08007c60      0x12c obj/libstm32.a(stm32g4xx_hal_uart.o)
                0x08007c60                HAL_UART_Transmit
 .text.UART_SetConfig
                0x08007d8c      0x5f8 obj/libstm32.a(stm32g4xx_hal_uart.o)
                0x08007d8c                UART_SetConfig
 .text.UART_AdvFeatureConfig
                0x08008384      0x142 obj/libstm32.a(stm32g4xx_hal_uart.o)
                0x08008384                UART_AdvFeatureConfig
 .text.UART_CheckIdleState
                0x080084c6       0x96 obj/libstm32.a(stm32g4xx_hal_uart.o)
                0x080084c6                UART_CheckIdleState
 .text.UART_WaitOnFlagUntilTimeout
                0x0800855c      0x100 obj/libstm32.a(stm32g4xx_hal_uart.o)
                0x0800855c                UART_WaitOnFlagUntilTimeout
 .text.HAL_UARTEx_DisableFifoMode
                0x0800865c       0x70 obj/libstm32.a(stm32g4xx_hal_uart_ex.o)
                0x0800865c                HAL_UARTEx_DisableFifoMode
 .text.HAL_UARTEx_SetTxFifoThreshold
                0x080086cc       0x7c obj/libstm32.a(stm32g4xx_hal_uart_ex.o)
                0x080086cc                HAL_UARTEx_SetTxFifoThreshold
 .text.HAL_UARTEx_SetRxFifoThreshold
                0x08008748       0x7c obj/libstm32.a(stm32g4xx_hal_uart_ex.o)
                0x08008748                HAL_UARTEx_SetRxFifoThreshold
 .text.UARTEx_SetNbDataToProcess
                0x080087c4       0x98 obj/libstm32.a(stm32g4xx_hal_uart_ex.o)
 *(.glue_7)
 .glue_7        0x0800885c        0x0 linker stubs
 *(.glue_7t)
 .glue_7t       0x0800885c        0x0 linker stubs
 *(.eh_frame)
 *(.init)
 *(.fini)
                0x0800885c                        . = ALIGN (0x4)
                0x0800885c                        _etext = .

.vfp11_veneer   0x0800885c        0x0
 .vfp11_veneer  0x0800885c        0x0 linker stubs

.v4_bx          0x0800885c        0x0
 .v4_bx         0x0800885c        0x0 linker stubs

.iplt           0x0800885c        0x0
 .iplt          0x0800885c        0x0 obj/startup.o

.rodata         0x08008860      0x128
                0x08008860                        . = ALIGN (0x4)
 *(.rodata)
 .rodata        0x08008860       0x30 obj/main.o
 .rodata        0x08008890       0x18 obj/printf.o
 *(.rodata*)
 .rodata.AHBPrescTable
                0x080088a8       0x10 obj/System.o
                0x080088a8                AHBPrescTable
 .rodata.APBPrescTable
                0x080088b8        0x8 obj/System.o
                0x080088b8                APBPrescTable
 .rodata.gSegmentEncodingTable
                0x080088c0       0x50 obj/DisplayModule.o
 .rodata.pow10.0
                0x08008910       0x50 obj/printf.o
 .rodata.UARTPrescTable
                0x08008960       0x18 obj/libstm32.a(stm32g4xx_hal_uart.o)
                0x08008960                UARTPrescTable
 .rodata.numerator.1
                0x08008978        0x8 obj/libstm32.a(stm32g4xx_hal_uart_ex.o)
 .rodata.denominator.0
                0x08008980        0x8 obj/libstm32.a(stm32g4xx_hal_uart_ex.o)
                0x08008988                        . = ALIGN (0x4)

.ARM.extab
 *(.ARM.extab* .gnu.linkonce.armextab.*)

.ARM            0x08008988        0x8
                0x08008988                        __exidx_start = .
 *(.ARM.exidx*)
 .ARM.exidx     0x08008988        0x8 /home/user/Tools/arm-gnu-toolchain/bin/../lib/gcc/arm-none-eabi/14.2.1/../../../../arm-none-eabi/lib/thumb/v7e-m/nofp/libc_nano.a(libc_a-strlen.o)
 .ARM.exidx.text.__udivmoddi4
                0x08008990        0x0 /home/user/Tools/arm-gnu-toolchain/bin/../lib/gcc/arm-none-eabi/14.2.1/thumb/v7e-m/nofp/libgcc.a(_udivmoddi4.o)
                                  0x8 (size before relaxing)
                0x08008990                        __exidx_end = .

.rel.dyn        0x08008990        0x0
 .rel.iplt      0x08008990        0x0 obj/startup.o

.preinit_array  0x08008990        0x0
                [!provide]                        PROVIDE (__preinit_array_start = .)
 *(.preinit_array*)
                [!provide]                        PROVIDE (__preinit_array_end = .)

.init_array     0x08008990        0x0
                [!provide]                        PROVIDE (__init_array_start = .)
 *(SORT_BY_NAME(.init_array.*))
 *(.init_array*)
                [!provide]                        PROVIDE (__init_array_end = .)

.fini_array     0x08008990        0x0
                [!provide]                        PROVIDE (__fini_array_start = .)
 *(SORT_BY_NAME(.fini_array.*))
 *(.fini_array*)
                [!provide]                        PROVIDE (__fini_array_end = .)
                0x08008990                        _sidata = LOADADDR (.data)

.data           0x20000000        0xc load address 0x08008990
                0x20000000                        . = ALIGN (0x4)
                0x20000000                        _sdata = .
 *(.data)
 *(.data*)
 .data.SystemCoreClock
                0x20000000        0x4 obj/System.o
                0x20000000                SystemCoreClock
 .data.uwTickPrio
                0x20000004        0x4 obj/libstm32.a(stm32g4xx_hal.o)
                0x20000004                uwTickPrio
 .data.uwTickFreq
                0x20000008        0x4 obj/libstm32.a(stm32g4xx_hal.o)
                0x20000008                uwTickFreq
                0x2000000c                        . = ALIGN (0x4)
                0x2000000c                        _edata = .

.igot.plt       0x2000000c        0x0 load address 0x0800899c
 .igot.plt      0x2000000c        0x0 obj/startup.o
                0x2000000c                        . = ALIGN (0x4)

.bss            0x2000000c      0x26c load address 0x0800899c
                0x2000000c                        _sbss = .
                0x2000000c                        __bss_start__ = _sbss
 *(.bss)
 *(.bss*)
 .bss.gScheduler
                0x2000000c       0x2c obj/main.o
 .bss.gADCHandle
                0x20000038       0x6c obj/ADCModule.o
 .bss.gDMA_ADC_Handle
                0x200000a4       0x60 obj/ADCModule.o
 .bss.gADCValues
                0x20000104       0x14 obj/ADCModule.o
 .bss.gTimer3Handle
                0x20000118       0x4c obj/TimerModule.o
 .bss.gUARTHandle
                0x20000164       0x90 obj/UARTModule.o
 .bss.gOutputBuffer
                0x200001f4       0x80 obj/LogOutput.o
 .bss.uwTick    0x20000274        0x4 obj/libstm32.a(stm32g4xx_hal.o)
                0x20000274                uwTick
 *(COMMON)
                0x20000278                        . = ALIGN (0x4)
                0x20000278                        _ebss = .
                0x20000278                        __bss_end__ = _ebss
                0x20000278                        . = ALIGN (0x4)

.heap           0x20000278        0x0 load address 0x0800899c
                0x20000278                        _start_of_heap = .
                0x20000278                        . = (. + _size_of_heap)
                0x20000278                        . = ALIGN (0x4)
                0x20000278                        _end_of_heap = .

.stack          0x20000278    0x1fd88 load address 0x0800899c
                0x2001fdfc                        . = (ABSOLUTE (_end_of_ram) - _size_of_stack)
 *fill*         0x20000278    0x1fb84 
                0x2001fe00                        . = ALIGN (0x8)
 *fill*         0x2001fdfc        0x4 
                0x2001fe00                        _top_of_stack = .
                0x20020000                        . = (. + _size_of_stack)
 *fill*         0x2001fe00      0x200 
                0x20020000                        . = ALIGN (0x8)
                0x20020000                        _initial_stack_pointer = .
                0x2001fffc                        _bottom_of_stack = (_initial_stack_pointer - 0x4)

/DISCARD/
 libc.a(*)
 libm.a(*)
 libgcc.a(*)

.ARM.attributes
                0x00000000       0x2f
 *(.ARM.attributes)
 .ARM.attributes
                0x00000000       0x21 obj/startup.o
 .ARM.attributes
                0x00000021       0x2e obj/main.o
 .ARM.attributes
                0x0000004f       0x2e obj/System.o
 .ARM.attributes
                0x0000007d       0x2e obj/ADCModule.o
 .ARM.attributes
                0x000000ab       0x2e obj/ButtonModule.o
 .ARM.attributes
                0x000000d9       0x2e obj/DisplayModule.o
 .ARM.attributes
                0x00000107       0x2e obj/HAL.o
 .ARM.attributes
                0x00000135       0x2e obj/LEDModule.o
 .ARM.attributes
                0x00000163       0x2e obj/TimerModule.o
 .ARM.attributes
                0x00000191       0x2e obj/UARTModule.o
 .ARM.attributes
                0x000001bf       0x2e obj/FaultHandler.o
 .ARM.attributes
                0x000001ed       0x2e obj/Scheduler.o
 .ARM.attributes
                0x0000021b       0x2e obj/SystemHandler.o
 .ARM.attributes
                0x00000249       0x2e obj/LogOutput.o
 .ARM.attributes
                0x00000277       0x2e obj/printf.o
 .ARM.attributes
                0x000002a5       0x2e /home/user/Tools/arm-gnu-toolchain/bin/../lib/gcc/arm-none-eabi/14.2.1/../../../../arm-none-eabi/lib/thumb/v7e-m/nofp/libc_nano.a(libc_a-memset.o)
 .ARM.attributes
                0x000002d3       0x17 /home/user/Tools/arm-gnu-toolchain/bin/../lib/gcc/arm-none-eabi/14.2.1/../../../../arm-none-eabi/lib/thumb/v7e-m/nofp/libc_nano.a(libc_a-strlen.o)
 .ARM.attributes
                0x000002ea       0x1e /home/user/Tools/arm-gnu-toolchain/bin/../lib/gcc/arm-none-eabi/14.2.1/thumb/v7e-m/nofp/libgcc.a(_arm_addsubdf3.o)
 .ARM.attributes
                0x00000308       0x1e /home/user/Tools/arm-gnu-toolchain/bin/../lib/gcc/arm-none-eabi/14.2.1/thumb/v7e-m/nofp/libgcc.a(_arm_muldivdf3.o)
 .ARM.attributes
                0x00000326       0x1e /home/user/Tools/arm-gnu-toolchain/bin/../lib/gcc/arm-none-eabi/14.2.1/thumb/v7e-m/nofp/libgcc.a(_arm_cmpdf2.o)
 .ARM.attributes
                0x00000344       0x1e /home/user/Tools/arm-gnu-toolchain/bin/../lib/gcc/arm-none-eabi/14.2.1/thumb/v7e-m/nofp/libgcc.a(_arm_fixdfsi.o)
 .ARM.attributes
                0x00000362       0x1e /home/user/Tools/arm-gnu-toolchain/bin/../lib/gcc/arm-none-eabi/14.2.1/thumb/v7e-m/nofp/libgcc.a(_arm_fixunsdfsi.o)
 .ARM.attributes
                0x00000380       0x1e /home/user/Tools/arm-gnu-toolchain/bin/../lib/gcc/arm-none-eabi/14.2.1/thumb/v7e-m/nofp/libgcc.a(_aeabi_uldivmod.o)
 .ARM.attributes
                0x0000039e       0x2e /home/user/Tools/arm-gnu-toolchain/bin/../lib/gcc/arm-none-eabi/14.2.1/thumb/v7e-m/nofp/libgcc.a(_udivmoddi4.o)
 .ARM.attributes
                0x000003cc       0x1e /home/user/Tools/arm-gnu-toolchain/bin/../lib/gcc/arm-none-eabi/14.2.1/thumb/v7e-m/nofp/libgcc.a(_dvmd_tls.o)
 .ARM.attributes
                0x000003ea       0x2e obj/libstm32.a(stm32g4xx_hal_adc.o)
 .ARM.attributes
                0x00000418       0x2e obj/libstm32.a(stm32g4xx_hal_adc_ex.o)
 .ARM.attributes
                0x00000446       0x2e obj/libstm32.a(stm32g4xx_hal.o)
 .ARM.attributes
                0x00000474       0x2e obj/libstm32.a(stm32g4xx_hal_cortex.o)
 .ARM.attributes
                0x000004a2       0x2e obj/libstm32.a(stm32g4xx_hal_dma.o)
 .ARM.attributes
                0x000004d0       0x2e obj/libstm32.a(stm32g4xx_hal_gpio.o)
 .ARM.attributes
                0x000004fe       0x2e obj/libstm32.a(stm32g4xx_hal_pwr_ex.o)
 .ARM.attributes
                0x0000052c       0x2e obj/libstm32.a(stm32g4xx_hal_rcc.o)
 .ARM.attributes
                0x0000055a       0x2e obj/libstm32.a(stm32g4xx_hal_rcc_ex.o)
 .ARM.attributes
                0x00000588       0x2e obj/libstm32.a(stm32g4xx_hal_tim.o)
 .ARM.attributes
                0x000005b6       0x2e obj/libstm32.a(stm32g4xx_hal_tim_ex.o)
 .ARM.attributes
                0x000005e4       0x2e obj/libstm32.a(stm32g4xx_hal_uart.o)
 .ARM.attributes
                0x00000612       0x2e obj/libstm32.a(stm32g4xx_hal_uart_ex.o)
OUTPUT(build/firmware.elf elf32-littlearm)
LOAD linker stubs
LOAD /home/user/Tools/arm-gnu-toolchain/bin/../lib/gcc/arm-none-eabi/14.2.1/../../../../arm-none-eabi/lib/thumb/v7e-m/nofp/libc.a
LOAD /home/user/Tools/arm-gnu-toolchain/bin/../lib/gcc/arm-none-eabi/14.2.1/../../../../arm-none-eabi/lib/thumb/v7e-m/nofp/libm.a
LOAD /home/user/Tools/arm-gnu-toolchain/bin/../lib/gcc/arm-none-eabi/14.2.1/thumb/v7e-m/nofp/libgcc.a

.debug_line     0x00000000    0x105b9
 .debug_line    0x00000000       0x6d obj/startup.o
 .debug_line    0x0000006d      0x25f obj/main.o
 .debug_line    0x000002cc      0x281 obj/System.o
 .debug_line    0x0000054d      0x426 obj/ADCModule.o
 .debug_line    0x00000973      0x1c8 obj/ButtonModule.o
 .debug_line    0x00000b3b      0x203 obj/DisplayModule.o
 .debug_line    0x00000d3e      0x133 obj/HAL.o
 .debug_line    0x00000e71      0x1c0 obj/LEDModule.o
 .debug_line    0x00001031      0x211 obj/TimerModule.o
 .debug_line    0x00001242      0x25f obj/UARTModule.o
 .debug_line    0x000014a1       0x89 obj/FaultHandler.o
 .debug_line    0x0000152a      0x10f obj/Scheduler.o
 .debug_line    0x00001639       0xb8 obj/SystemHandler.o
 .debug_line    0x000016f1      0x228 obj/LogOutput.o
 .debug_line    0x00001919      0xce9 obj/printf.o
 .debug_line    0x00002602     0x1bff obj/libstm32.a(stm32g4xx_hal_adc.o)
 .debug_line    0x00004201     0x159d obj/libstm32.a(stm32g4xx_hal_adc_ex.o)
 .debug_line    0x0000579e      0x586 obj/libstm32.a(stm32g4xx_hal.o)
 .debug_line    0x00005d24      0x6d8 obj/libstm32.a(stm32g4xx_hal_cortex.o)
 .debug_line    0x000063fc      0x896 obj/libstm32.a(stm32g4xx_hal_dma.o)
 .debug_line    0x00006c92      0x56b obj/libstm32.a(stm32g4xx_hal_gpio.o)
 .debug_line    0x000071fd      0x731 obj/libstm32.a(stm32g4xx_hal_pwr_ex.o)
 .debug_line    0x0000792e      0xa40 obj/libstm32.a(stm32g4xx_hal_rcc.o)
 .debug_line    0x0000836e      0xce5 obj/libstm32.a(stm32g4xx_hal_rcc_ex.o)
 .debug_line    0x00009053     0x3912 obj/libstm32.a(stm32g4xx_hal_tim.o)
 .debug_line    0x0000c965     0x1a78 obj/libstm32.a(stm32g4xx_hal_tim_ex.o)
 .debug_line    0x0000e3dd     0x1b88 obj/libstm32.a(stm32g4xx_hal_uart.o)
 .debug_line    0x0000ff65      0x654 obj/libstm32.a(stm32g4xx_hal_uart_ex.o)

.debug_info     0x00000000    0x15843
 .debug_info    0x00000000       0x30 obj/startup.o
 .debug_info    0x00000030      0x4ce obj/main.o
 .debug_info    0x000004fe      0x585 obj/System.o
 .debug_info    0x00000a83     0x1408 obj/ADCModule.o
 .debug_info    0x00001e8b      0x534 obj/ButtonModule.o
 .debug_info    0x000023bf      0x5bb obj/DisplayModule.o
 .debug_info    0x0000297a      0x2d6 obj/HAL.o
 .debug_info    0x00002c50      0x562 obj/LEDModule.o
 .debug_info    0x000031b2      0xeaf obj/TimerModule.o
 .debug_info    0x00004061      0xdc0 obj/UARTModule.o
 .debug_info    0x00004e21       0x67 obj/FaultHandler.o
 .debug_info    0x00004e88      0x1b6 obj/Scheduler.o
 .debug_info    0x0000503e       0xcf obj/SystemHandler.o
 .debug_info    0x0000510d      0x229 obj/LogOutput.o
 .debug_info    0x00005336      0xd4e obj/printf.o
 .debug_info    0x00006084     0x2021 obj/libstm32.a(stm32g4xx_hal_adc.o)
 .debug_info    0x000080a5     0x1d63 obj/libstm32.a(stm32g4xx_hal_adc_ex.o)
 .debug_info    0x00009e08      0xb51 obj/libstm32.a(stm32g4xx_hal.o)
 .debug_info    0x0000a959      0xda9 obj/libstm32.a(stm32g4xx_hal_cortex.o)
 .debug_info    0x0000b702      0x85b obj/libstm32.a(stm32g4xx_hal_dma.o)
 .debug_info    0x0000bf5d      0x75f obj/libstm32.a(stm32g4xx_hal_gpio.o)
 .debug_info    0x0000c6bc      0x93b obj/libstm32.a(stm32g4xx_hal_pwr_ex.o)
 .debug_info    0x0000cff7      0xbe0 obj/libstm32.a(stm32g4xx_hal_rcc.o)
 .debug_info    0x0000dbd7      0xc41 obj/libstm32.a(stm32g4xx_hal_rcc_ex.o)
 .debug_info    0x0000e818     0x2a82 obj/libstm32.a(stm32g4xx_hal_tim.o)
 .debug_info    0x0001129a     0x1cb5 obj/libstm32.a(stm32g4xx_hal_tim_ex.o)
 .debug_info    0x00012f4f     0x1b7d obj/libstm32.a(stm32g4xx_hal_uart.o)
 .debug_info    0x00014acc      0xd77 obj/libstm32.a(stm32g4xx_hal_uart_ex.o)

.debug_abbrev   0x00000000     0x34ef
 .debug_abbrev  0x00000000       0x1d obj/startup.o
 .debug_abbrev  0x0000001d      0x1a7 obj/main.o
 .debug_abbrev  0x000001c4      0x1d1 obj/System.o
 .debug_abbrev  0x00000395      0x28f obj/ADCModule.o
 .debug_abbrev  0x00000624      0x1ac obj/ButtonModule.o
 .debug_abbrev  0x000007d0      0x1c2 obj/DisplayModule.o
 .debug_abbrev  0x00000992       0xd7 obj/HAL.o
 .debug_abbrev  0x00000a69      0x1a9 obj/LEDModule.o
 .debug_abbrev  0x00000c12      0x1fd obj/TimerModule.o
 .debug_abbrev  0x00000e0f      0x1e2 obj/UARTModule.o
 .debug_abbrev  0x00000ff1       0x2f obj/FaultHandler.o
 .debug_abbrev  0x00001020       0xc0 obj/Scheduler.o
 .debug_abbrev  0x000010e0       0x71 obj/SystemHandler.o
 .debug_abbrev  0x00001151      0x13c obj/LogOutput.o
 .debug_abbrev  0x0000128d      0x24b obj/printf.o
 .debug_abbrev  0x000014d8      0x2c8 obj/libstm32.a(stm32g4xx_hal_adc.o)
 .debug_abbrev  0x000017a0      0x2ec obj/libstm32.a(stm32g4xx_hal_adc_ex.o)
 .debug_abbrev  0x00001a8c      0x240 obj/libstm32.a(stm32g4xx_hal.o)
 .debug_abbrev  0x00001ccc      0x31a obj/libstm32.a(stm32g4xx_hal_cortex.o)
 .debug_abbrev  0x00001fe6      0x1e0 obj/libstm32.a(stm32g4xx_hal_dma.o)
 .debug_abbrev  0x000021c6      0x1c9 obj/libstm32.a(stm32g4xx_hal_gpio.o)
 .debug_abbrev  0x0000238f      0x22a obj/libstm32.a(stm32g4xx_hal_pwr_ex.o)
 .debug_abbrev  0x000025b9      0x2c7 obj/libstm32.a(stm32g4xx_hal_rcc.o)
 .debug_abbrev  0x00002880      0x256 obj/libstm32.a(stm32g4xx_hal_rcc_ex.o)
 .debug_abbrev  0x00002ad6      0x29e obj/libstm32.a(stm32g4xx_hal_tim.o)
 .debug_abbrev  0x00002d74      0x2be obj/libstm32.a(stm32g4xx_hal_tim_ex.o)
 .debug_abbrev  0x00003032      0x289 obj/libstm32.a(stm32g4xx_hal_uart.o)
 .debug_abbrev  0x000032bb      0x234 obj/libstm32.a(stm32g4xx_hal_uart_ex.o)

.debug_aranges  0x00000000     0x1628
 .debug_aranges
                0x00000000       0x28 obj/startup.o
 .debug_aranges
                0x00000028       0x30 obj/main.o
 .debug_aranges
                0x00000058       0x38 obj/System.o
 .debug_aranges
                0x00000090       0x50 obj/ADCModule.o
 .debug_aranges
                0x000000e0       0x28 obj/ButtonModule.o
 .debug_aranges
                0x00000108       0x28 obj/DisplayModule.o
 .debug_aranges
                0x00000130       0x20 obj/HAL.o
 .debug_aranges
                0x00000150       0x30 obj/LEDModule.o
 .debug_aranges
                0x00000180       0x30 obj/TimerModule.o
 .debug_aranges
                0x000001b0       0x28 obj/UARTModule.o
 .debug_aranges
                0x000001d8       0x38 obj/FaultHandler.o
 .debug_aranges
                0x00000210       0x28 obj/Scheduler.o
 .debug_aranges
                0x00000238       0x40 obj/SystemHandler.o
 .debug_aranges
                0x00000278       0x30 obj/LogOutput.o
 .debug_aranges
                0x000002a8       0xb8 obj/printf.o
 .debug_aranges
                0x00000360      0x248 obj/libstm32.a(stm32g4xx_hal_adc.o)
 .debug_aranges
                0x000005a8      0x1c0 obj/libstm32.a(stm32g4xx_hal_adc_ex.o)
 .debug_aranges
                0x00000768      0x130 obj/libstm32.a(stm32g4xx_hal.o)
 .debug_aranges
                0x00000898      0x118 obj/libstm32.a(stm32g4xx_hal_cortex.o)
 .debug_aranges
                0x000009b0       0x90 obj/libstm32.a(stm32g4xx_hal_dma.o)
 .debug_aranges
                0x00000a40       0x58 obj/libstm32.a(stm32g4xx_hal_gpio.o)
 .debug_aranges
                0x00000a98      0x140 obj/libstm32.a(stm32g4xx_hal_pwr_ex.o)
 .debug_aranges
                0x00000bd8       0x98 obj/libstm32.a(stm32g4xx_hal_rcc.o)
 .debug_aranges
                0x00000c70       0xb0 obj/libstm32.a(stm32g4xx_hal_rcc_ex.o)
 .debug_aranges
                0x00000d20      0x3e0 obj/libstm32.a(stm32g4xx_hal_tim.o)
 .debug_aranges
                0x00001100      0x240 obj/libstm32.a(stm32g4xx_hal_tim_ex.o)
 .debug_aranges
                0x00001340      0x248 obj/libstm32.a(stm32g4xx_hal_uart.o)
 .debug_aranges
                0x00001588       0xa0 obj/libstm32.a(stm32g4xx_hal_uart_ex.o)

.debug_str      0x00000000     0x6b0b
 .debug_str     0x00000000     0x6b0b obj/startup.o
                                 0x66 (size before relaxing)
 .debug_str     0x00006b0b      0x50b obj/main.o
 .debug_str     0x00006b0b      0x500 obj/System.o
 .debug_str     0x00006b0b     0x13ea obj/ADCModule.o
 .debug_str     0x00006b0b      0x458 obj/ButtonModule.o
 .debug_str     0x00006b0b      0x489 obj/DisplayModule.o
 .debug_str     0x00006b0b      0x2f0 obj/HAL.o
 .debug_str     0x00006b0b      0x438 obj/LEDModule.o
 .debug_str     0x00006b0b     0x10f9 obj/TimerModule.o
 .debug_str     0x00006b0b      0xb8c obj/UARTModule.o
 .debug_str     0x00006b0b      0x116 obj/FaultHandler.o
 .debug_str     0x00006b0b      0x254 obj/Scheduler.o
 .debug_str     0x00006b0b      0x1b3 obj/SystemHandler.o
 .debug_str     0x00006b0b      0x229 obj/LogOutput.o
 .debug_str     0x00006b0b      0x366 obj/printf.o
 .debug_str     0x00006b0b     0x12c1 obj/libstm32.a(stm32g4xx_hal_adc.o)
 .debug_str     0x00006b0b     0x12a1 obj/libstm32.a(stm32g4xx_hal_adc_ex.o)
 .debug_str     0x00006b0b      0xdd4 obj/libstm32.a(stm32g4xx_hal.o)
 .debug_str     0x00006b0b      0xd19 obj/libstm32.a(stm32g4xx_hal_cortex.o)
 .debug_str     0x00006b0b      0x75d obj/libstm32.a(stm32g4xx_hal_dma.o)
 .debug_str     0x00006b0b      0x4fc obj/libstm32.a(stm32g4xx_hal_gpio.o)
 .debug_str     0x00006b0b      0x79e obj/libstm32.a(stm32g4xx_hal_pwr_ex.o)
 .debug_str     0x00006b0b      0x7ff obj/libstm32.a(stm32g4xx_hal_rcc.o)
 .debug_str     0x00006b0b      0xa21 obj/libstm32.a(stm32g4xx_hal_rcc_ex.o)
 .debug_str     0x00006b0b     0x184a obj/libstm32.a(stm32g4xx_hal_tim.o)
 .debug_str     0x00006b0b     0x14d4 obj/libstm32.a(stm32g4xx_hal_tim_ex.o)
 .debug_str     0x00006b0b     0x1189 obj/libstm32.a(stm32g4xx_hal_uart.o)
 .debug_str     0x00006b0b      0xab4 obj/libstm32.a(stm32g4xx_hal_uart_ex.o)

.debug_ranges   0x00000000       0x20
 .debug_ranges  0x00000000       0x20 obj/startup.o

.debug_rnglists
                0x00000000     0x10f7
 .debug_rnglists
                0x00000000       0x20 obj/main.o
 .debug_rnglists
                0x00000020       0x27 obj/System.o
 .debug_rnglists
                0x00000047       0x39 obj/ADCModule.o
 .debug_rnglists
                0x00000080       0x1b obj/ButtonModule.o
 .debug_rnglists
                0x0000009b       0x1b obj/DisplayModule.o
 .debug_rnglists
                0x000000b6       0x13 obj/HAL.o
 .debug_rnglists
                0x000000c9       0x21 obj/LEDModule.o
 .debug_rnglists
                0x000000ea       0x20 obj/TimerModule.o
 .debug_rnglists
                0x0000010a       0x1a obj/UARTModule.o
 .debug_rnglists
                0x00000124       0x25 obj/FaultHandler.o
 .debug_rnglists
                0x00000149       0x19 obj/Scheduler.o
 .debug_rnglists
                0x00000162       0x2b obj/SystemHandler.o
 .debug_rnglists
                0x0000018d       0x1f obj/LogOutput.o
 .debug_rnglists
                0x000001ac       0x8c obj/printf.o
 .debug_rnglists
                0x00000238      0x1c0 obj/libstm32.a(stm32g4xx_hal_adc.o)
 .debug_rnglists
                0x000003f8      0x15a obj/libstm32.a(stm32g4xx_hal_adc_ex.o)
 .debug_rnglists
                0x00000552       0xdf obj/libstm32.a(stm32g4xx_hal.o)
 .debug_rnglists
                0x00000631       0xce obj/libstm32.a(stm32g4xx_hal_cortex.o)
 .debug_rnglists
                0x000006ff       0x71 obj/libstm32.a(stm32g4xx_hal_dma.o)
 .debug_rnglists
                0x00000770       0x3f obj/libstm32.a(stm32g4xx_hal_gpio.o)
 .debug_rnglists
                0x000007af       0xf1 obj/libstm32.a(stm32g4xx_hal_pwr_ex.o)
 .debug_rnglists
                0x000008a0       0x73 obj/libstm32.a(stm32g4xx_hal_rcc.o)
 .debug_rnglists
                0x00000913       0x87 obj/libstm32.a(stm32g4xx_hal_rcc_ex.o)
 .debug_rnglists
                0x0000099a      0x328 obj/libstm32.a(stm32g4xx_hal_tim.o)
 .debug_rnglists
                0x00000cc2      0x1cb obj/libstm32.a(stm32g4xx_hal_tim_ex.o)
 .debug_rnglists
                0x00000e8d      0x1f1 obj/libstm32.a(stm32g4xx_hal_uart.o)
 .debug_rnglists
                0x0000107e       0x79 obj/libstm32.a(stm32g4xx_hal_uart_ex.o)

.comment        0x00000000       0x45
 .comment       0x00000000       0x45 obj/main.o
                                 0x46 (size before relaxing)
 .comment       0x00000045       0x46 obj/System.o
 .comment       0x00000045       0x46 obj/ADCModule.o
 .comment       0x00000045       0x46 obj/ButtonModule.o
 .comment       0x00000045       0x46 obj/DisplayModule.o
 .comment       0x00000045       0x46 obj/HAL.o
 .comment       0x00000045       0x46 obj/LEDModule.o
 .comment       0x00000045       0x46 obj/TimerModule.o
 .comment       0x00000045       0x46 obj/UARTModule.o
 .comment       0x00000045       0x46 obj/FaultHandler.o
 .comment       0x00000045       0x46 obj/Scheduler.o
 .comment       0x00000045       0x46 obj/SystemHandler.o
 .comment       0x00000045       0x46 obj/LogOutput.o
 .comment       0x00000045       0x46 obj/printf.o
 .comment       0x00000045       0x46 obj/libstm32.a(stm32g4xx_hal_adc.o)
 .comment       0x00000045       0x46 obj/libstm32.a(stm32g4xx_hal_adc_ex.o)
 .comment       0x00000045       0x46 obj/libstm32.a(stm32g4xx_hal.o)
 .comment       0x00000045       0x46 obj/libstm32.a(stm32g4xx_hal_cortex.o)
 .comment       0x00000045       0x46 obj/libstm32.a(stm32g4xx_hal_dma.o)
 .comment       0x00000045       0x46 obj/libstm32.a(stm32g4xx_hal_gpio.o)
 .comment       0x00000045       0x46 obj/libstm32.a(stm32g4xx_hal_pwr_ex.o)
 .comment       0x00000045       0x46 obj/libstm32.a(stm32g4xx_hal_rcc.o)
 .comment       0x00000045       0x46 obj/libstm32.a(stm32g4xx_hal_rcc_ex.o)
 .comment       0x00000045       0x46 obj/libstm32.a(stm32g4xx_hal_tim.o)
 .comment       0x00000045       0x46 obj/libstm32.a(stm32g4xx_hal_tim_ex.o)
 .comment       0x00000045       0x46 obj/libstm32.a(stm32g4xx_hal_uart.o)
 .comment       0x00000045       0x46 obj/libstm32.a(stm32g4xx_hal_uart_ex.o)

.debug_frame    0x00000000     0x5fac
 .debug_frame   0x00000000       0x68 obj/main.o
 .debug_frame   0x00000068       0x94 obj/System.o
 .debug_frame   0x000000fc      0x104 obj/ADCModule.o
 .debug_frame   0x00000200       0x58 obj/ButtonModule.o
 .debug_frame   0x00000258       0x58 obj/DisplayModule.o
 .debug_frame   0x000002b0       0x34 obj/HAL.o
 .debug_frame   0x000002e4       0x7c obj/LEDModule.o
 .debug_frame   0x00000360       0x74 obj/TimerModule.o
 .debug_frame   0x000003d4       0x5c obj/UARTModule.o
 .debug_frame   0x00000430       0x70 obj/FaultHandler.o
 .debug_frame   0x000004a0       0x60 obj/Scheduler.o
 .debug_frame   0x00000500       0xac obj/SystemHandler.o
 .debug_frame   0x000005ac       0x94 obj/LogOutput.o
 .debug_frame   0x00000640      0x380 obj/printf.o
 .debug_frame   0x000009c0       0x20 /home/user/Tools/arm-gnu-toolchain/bin/../lib/gcc/arm-none-eabi/14.2.1/../../../../arm-none-eabi/lib/thumb/v7e-m/nofp/libc_nano.a(libc_a-memset.o)
 .debug_frame   0x000009e0       0x20 /home/user/Tools/arm-gnu-toolchain/bin/../lib/gcc/arm-none-eabi/14.2.1/../../../../arm-none-eabi/lib/thumb/v7e-m/nofp/libc_nano.a(libc_a-strlen.o)
 .debug_frame   0x00000a00       0xac /home/user/Tools/arm-gnu-toolchain/bin/../lib/gcc/arm-none-eabi/14.2.1/thumb/v7e-m/nofp/libgcc.a(_arm_addsubdf3.o)
 .debug_frame   0x00000aac       0x50 /home/user/Tools/arm-gnu-toolchain/bin/../lib/gcc/arm-none-eabi/14.2.1/thumb/v7e-m/nofp/libgcc.a(_arm_muldivdf3.o)
 .debug_frame   0x00000afc       0xc4 /home/user/Tools/arm-gnu-toolchain/bin/../lib/gcc/arm-none-eabi/14.2.1/thumb/v7e-m/nofp/libgcc.a(_arm_cmpdf2.o)
 .debug_frame   0x00000bc0       0x24 /home/user/Tools/arm-gnu-toolchain/bin/../lib/gcc/arm-none-eabi/14.2.1/thumb/v7e-m/nofp/libgcc.a(_arm_fixdfsi.o)
 .debug_frame   0x00000be4       0x24 /home/user/Tools/arm-gnu-toolchain/bin/../lib/gcc/arm-none-eabi/14.2.1/thumb/v7e-m/nofp/libgcc.a(_arm_fixunsdfsi.o)
 .debug_frame   0x00000c08       0x2c /home/user/Tools/arm-gnu-toolchain/bin/../lib/gcc/arm-none-eabi/14.2.1/thumb/v7e-m/nofp/libgcc.a(_aeabi_uldivmod.o)
 .debug_frame   0x00000c34       0x34 /home/user/Tools/arm-gnu-toolchain/bin/../lib/gcc/arm-none-eabi/14.2.1/thumb/v7e-m/nofp/libgcc.a(_udivmoddi4.o)
 .debug_frame   0x00000c68      0xacc obj/libstm32.a(stm32g4xx_hal_adc.o)
 .debug_frame   0x00001734      0x81c obj/libstm32.a(stm32g4xx_hal_adc_ex.o)
 .debug_frame   0x00001f50      0x4a0 obj/libstm32.a(stm32g4xx_hal.o)
 .debug_frame   0x000023f0      0x498 obj/libstm32.a(stm32g4xx_hal_cortex.o)
 .debug_frame   0x00002888      0x24c obj/libstm32.a(stm32g4xx_hal_dma.o)
 .debug_frame   0x00002ad4      0x14c obj/libstm32.a(stm32g4xx_hal_gpio.o)
 .debug_frame   0x00002c20      0x4fc obj/libstm32.a(stm32g4xx_hal_pwr_ex.o)
 .debug_frame   0x0000311c      0x23c obj/libstm32.a(stm32g4xx_hal_rcc.o)
 .debug_frame   0x00003358      0x2ac obj/libstm32.a(stm32g4xx_hal_rcc_ex.o)
 .debug_frame   0x00003604     0x1220 obj/libstm32.a(stm32g4xx_hal_tim.o)
 .debug_frame   0x00004824      0xa68 obj/libstm32.a(stm32g4xx_hal_tim_ex.o)
 .debug_frame   0x0000528c      0xa84 obj/libstm32.a(stm32g4xx_hal_uart.o)
 .debug_frame   0x00005d10      0x29c obj/libstm32.a(stm32g4xx_hal_uart_ex.o)

.debug_line_str
                0x00000000      0x1b9
 .debug_line_str
                0x00000000      0x1b9 /home/user/Tools/arm-gnu-toolchain/bin/../lib/gcc/arm-none-eabi/14.2.1/../../../../arm-none-eabi/lib/thumb/v7e-m/nofp/libc_nano.a(libc_a-strlen.o)
                                 0xe1 (size before relaxing)
 .debug_line_str
                0x000001b9       0xc4 /home/user/Tools/arm-gnu-toolchain/bin/../lib/gcc/arm-none-eabi/14.2.1/thumb/v7e-m/nofp/libgcc.a(_arm_addsubdf3.o)
 .debug_line_str
                0x000001b9       0xc4 /home/user/Tools/arm-gnu-toolchain/bin/../lib/gcc/arm-none-eabi/14.2.1/thumb/v7e-m/nofp/libgcc.a(_arm_muldivdf3.o)
 .debug_line_str
                0x000001b9       0xc4 /home/user/Tools/arm-gnu-toolchain/bin/../lib/gcc/arm-none-eabi/14.2.1/thumb/v7e-m/nofp/libgcc.a(_arm_cmpdf2.o)
 .debug_line_str
                0x000001b9       0xc4 /home/user/Tools/arm-gnu-toolchain/bin/../lib/gcc/arm-none-eabi/14.2.1/thumb/v7e-m/nofp/libgcc.a(_arm_fixdfsi.o)
 .debug_line_str
                0x000001b9       0xc4 /home/user/Tools/arm-gnu-toolchain/bin/../lib/gcc/arm-none-eabi/14.2.1/thumb/v7e-m/nofp/libgcc.a(_arm_fixunsdfsi.o)
 .debug_line_str
                0x000001b9       0xbf /home/user/Tools/arm-gnu-toolchain/bin/../lib/gcc/arm-none-eabi/14.2.1/thumb/v7e-m/nofp/libgcc.a(_aeabi_uldivmod.o)
 .debug_line_str
                0x000001b9       0xc3 /home/user/Tools/arm-gnu-toolchain/bin/../lib/gcc/arm-none-eabi/14.2.1/thumb/v7e-m/nofp/libgcc.a(_dvmd_tls.o)
